 PhysXCooking_64

 Timestamp is 65f5ebef (Sat Mar 16 14:58:55 2024)

 Preferred load address is 0000000180000000

 Start         Length     Name                   Class
 0001:00000000 000003c0H .text$di                CODE
 0001:000003c0 00046160H .text$mn                CODE
 0001:00046520 00000040H .text$mn$00             CODE
 0001:00046560 00000620H .text$x                 CODE
 0002:00000000 00000278H .idata$5                DATA
 0002:00000278 00000028H .00cfg                  DATA
 0002:000002a0 00000008H .CRT$XCA                DATA
 0002:000002a8 000001e0H .CRT$XCU                DATA
 0002:00000488 00000008H .CRT$XCZ                DATA
 0002:00000490 00000008H .CRT$XIA                DATA
 0002:00000498 00000018H .CRT$XIC                DATA
 0002:000004b0 00000008H .CRT$XIZ                DATA
 0002:000004b8 00000008H .CRT$XPA                DATA
 0002:000004c0 00000010H .CRT$XPX                DATA
 0002:000004d0 00000008H .CRT$XPXA               DATA
 0002:000004d8 00000008H .CRT$XPZ                DATA
 0002:000004e0 00000008H .CRT$XTA                DATA
 0002:000004e8 00000008H .CRT$XTZ                DATA
 0002:000004f0 00000000H .gehcont$y              DATA
 0002:000004f0 00000000H .gfids$y                DATA
 0002:000004f0 0000b510H .rdata                  DATA
 0002:0000ba00 00000000H .rdata$CastGuardVftablesA DATA
 0002:0000ba00 00000000H .rdata$CastGuardVftablesC DATA
 0002:0000ba00 0000043cH .rdata$r                DATA
 0002:0000be3c 000001d4H .rdata$voltmd           DATA
 0002:0000c010 00000408H .rdata$zzzdbg           DATA
 0002:0000c418 00000008H .rtc$IAA                DATA
 0002:0000c420 00000008H .rtc$IZZ                DATA
 0002:0000c428 00000008H .rtc$TAA                DATA
 0002:0000c430 00000008H .rtc$TZZ                DATA
 0002:0000c438 00003e18H .xdata                  DATA
 0002:00010250 00000084H .xdata$x                DATA
 0002:000102d4 00000040H .didat$2                DATA
 0002:00010314 00000024H .didat$3                DATA
 0002:00010338 000001b0H .didat$4                DATA
 0002:000104e8 00000a50H .didat$6                DATA
 0002:00010f38 000001b8H .didat$7                DATA
 0002:000110f0 00001d34H .edata                  DATA
 0002:00012e24 00000014H .idata$2                DATA
 0002:00012e38 00000018H .idata$3                DATA
 0002:00012e50 00000278H .idata$4                DATA
 0002:000130c8 000005aeH .idata$6                DATA
 0003:00000000 00000a30H .data                   DATA
 0003:00000a30 00000358H .data$r                 DATA
 0003:00000d88 000000f0H .data$rs                DATA
 0003:00000e78 000001b8H .didat$5                DATA
 0003:00001030 000015d0H .bss                    DATA
 0004:00000000 000032acH .pdata                  DATA
 0005:00000000 0000230cH _RDATA                  DATA
 0006:00000000 000000a0H .rsrc$01                DATA
 0006:000000a0 000004b0H .rsrc$02                DATA

  Address         Publics by Value              Rva+Base               Lib:Object

 0000:00000000       __x64_code_ranges_to_entry_points_count 0000000000000000     <absolute>
 0000:00000000       __x64_code_ranges_to_entry_points 0000000000000000     <absolute>
 0000:00000000       __arm64x_redirection_metadata 0000000000000000     <absolute>
 0000:00000000       __guard_fids_count         0000000000000000     <absolute>
 0000:00000000       __guard_iat_table          0000000000000000     <absolute>
 0000:00000000       __arm64x_extra_rfe_table   0000000000000000     <absolute>
 0000:00000000       ___safe_se_handler_table   0000000000000000     <absolute>
 0000:00000000       __guard_iat_count          0000000000000000     <absolute>
 0000:00000000       __guard_longjmp_count      0000000000000000     <absolute>
 0000:00000000       __dynamic_value_reloc_table 0000000000000000     <absolute>
 0000:00000000       __hybrid_code_map          0000000000000000     <absolute>
 0000:00000000       __arm64x_extra_rfe_table_size 0000000000000000     <absolute>
 0000:00000000       __hybrid_auxiliary_iat     0000000000000000     <absolute>
 0000:00000000       __guard_longjmp_table      0000000000000000     <absolute>
 0000:00000000       ___safe_se_handler_count   0000000000000000     <absolute>
 0000:00000000       __hybrid_auxiliary_iat_copy 0000000000000000     <absolute>
 0000:00000000       __AbsoluteZero             0000000000000000     <absolute>
 0000:00000000       __guard_check_icall_a64n_fptr 0000000000000000     <absolute>
 0000:00000000       __guard_eh_cont_count      0000000000000000     <absolute>
 0000:00000000       __guard_fids_table         0000000000000000     <absolute>
 0000:00000000       __arm64x_redirection_metadata_count 0000000000000000     <absolute>
 0000:00000000       __enclave_config           0000000000000000     <absolute>
 0000:00000000       __guard_eh_cont_table      0000000000000000     <absolute>
 0000:00000000       __arm64x_native_entrypoint 0000000000000000     <absolute>
 0000:00000000       __hybrid_code_map_count    0000000000000000     <absolute>
 0000:00000100       __guard_flags              0000000000000100     <absolute>
 0000:00000000       __ImageBase                0000000180000000     <linker-defined>
 0001:000003c0       ??$?_UV?$ReflectionAllocator@VAdjTriangle@physx@@@shdfnd@physx@@@UserAllocated@shdfnd@physx@@SAPEAX_KV?$ReflectionAllocator@VAdjTriangle@physx@@@12@PEBDH@Z 00000001800013c0 f i Adjacencies.obj
 0001:00000460       ??0AdjacenciesBuilder@physx@@QEAA@XZ 0000000180001460 f   Adjacencies.obj
 0001:00000470       ??4Allocator@shdfnd@physx@@QEAAAEAV012@$$QEAV012@@Z 0000000180001470 f i Adjacencies.obj
 0001:00000470       ??0Box@Gu@physx@@QEAA@XZ   0000000180001470 f i ConvexHullUtils.obj
 0001:00000470       ?getAABB@AABBTreeBuildNode@Gu@physx@@QEBAAEBVPxBounds3@3@XZ 0000000180001470 f i BVHStructureBuilder.obj
 0001:00000470       ??0BigConvexData@physx@@QEAA@W4PxEMPTY@1@@Z 0000000180001470 f i BigConvexDataBuilder.obj
 0001:00000470       ??0HeightFieldData@Gu@physx@@QEAA@W4PxEMPTY@2@@Z 0000000180001470 f i Cooking.obj
 0001:00000470       ??4MutexImpl@shdfnd@physx@@QEAAAEAV012@AEBV012@@Z 0000000180001470 f i Adjacencies.obj
 0001:00000470       ??0Allocator@shdfnd@physx@@QEAA@PEBD@Z 0000000180001470 f i Adjacencies.obj
 0001:00000470       ??4Allocator@shdfnd@physx@@QEAAAEAV012@AEBV012@@Z 0000000180001470 f i Adjacencies.obj
 0001:00000470       ?getPaddedBounds@HeightFieldData@Gu@physx@@QEBAAEBVCenterExtentsPadded@23@XZ 0000000180001470 f i Cooking.obj
 0001:00000470       ??$forward@_K@std@@YA$$QEA_KAEA_K@Z 0000000180001470 f i libvcruntime:undname.obj
 0001:00000470       ??4PxFoundation@physx@@QEAAAEAV01@AEBV01@@Z 0000000180001470 f i Adjacencies.obj
 0001:00000470       ??0AABBTreeBuildNode@Gu@physx@@QEAA@XZ 0000000180001470 f i BVHStructureBuilder.obj
 0001:00000480       ??0PxFoundation@physx@@QEAA@XZ 0000000180001480 f i Adjacencies.obj
 0001:00000480       ??0PxFoundation@physx@@QEAA@AEBV01@@Z 0000000180001480 f i Adjacencies.obj
 0001:00000490       ??1Adjacencies@physx@@QEAA@XZ 0000000180001490 f   Adjacencies.obj
 0001:00000500       ??1AdjacenciesBuilder@physx@@QEAA@XZ 0000000180001500 f   Adjacencies.obj
 0001:00000510       ??1PxFoundation@physx@@MEAA@XZ 0000000180001510 f i Adjacencies.obj
 0001:00000520       ??_EPxFoundation@physx@@MEAAPEAXI@Z 0000000180001520 f i Adjacencies.obj
 0001:000005b0       ??_FAllocator@shdfnd@physx@@QEAAXXZ 00000001800015b0 f i Adjacencies.obj
 0001:000005b0       ??1Box@Gu@physx@@QEAA@XZ   00000001800015b0 f i ConvexHullUtils.obj
 0001:000005b0       ??1AABBTreeBuildNode@Gu@physx@@QEAA@XZ 00000001800015b0 f i BVHStructureBuilder.obj
 0001:000005b0       ??1BigConvexDataBuilder@physx@@QEAA@XZ 00000001800015b0 f i BigConvexDataBuilder.obj
 0001:000005b0       _guard_check_icall_nop     00000001800015b0 f i LIBCMT:guard_support.obj
 0001:000005b0       ??1HeightFieldData@Gu@physx@@QEAA@XZ 00000001800015b0 f i Cooking.obj
 0001:000005b0       ?onMeshIndexFormatChange@TriangleMeshBuilder@physx@@UEAAXXZ 00000001800015b0 f i TriangleMeshBuilder.obj
 0001:000005c0       ??_FNamedAllocator@shdfnd@physx@@QEAAXXZ 00000001800015c0 f i Adjacencies.obj
 0001:000005d0       ?ComputeNbBoundaryEdges@Adjacencies@physx@@QEBAIXZ 00000001800015d0 f   Adjacencies.obj
 0001:000008b0       ?GetNbHits@RadixSort@Cm@physx@@QEBAIXZ 00000001800018b0 f i Adjacencies.obj
 0001:000008c0       ?GetNbTotalCalls@RadixSort@Cm@physx@@QEBAIXZ 00000001800018c0 f i Adjacencies.obj
 0001:000008d0       ?getErrorCallback@Foundation@shdfnd@physx@@UEAAAEAVPxErrorCallback@3@XZ 00000001800018d0 f i Adjacencies.obj
 0001:000008d0       ?GetRanks@RadixSort@Cm@physx@@QEBAPEBIXZ 00000001800018d0 f i Adjacencies.obj
 0001:000008e0       ?GetValencies@BigConvexData@physx@@QEBAPEBUValency@Gu@2@XZ 00000001800018e0 f i BigConvexDataBuilder.obj
 0001:000008e0       ?getPos@AABBTreeBuildNode@Gu@physx@@QEBAPEBV123@XZ 00000001800018e0 f i BVHStructureBuilder.obj
 0001:000008e0       ?GetRecyclable@RadixSort@Cm@physx@@QEBAPEAIXZ 00000001800018e0 f i Adjacencies.obj
 0001:000008f0       ?Init@AdjacenciesBuilder@physx@@QEAA_NAEBUADJACENCIESCREATE@2@@Z 00000001800018f0 f   Adjacencies.obj
 0001:00000ea0       ?getAllocator@Foundation@shdfnd@physx@@QEAAAEAVPxAllocatorCallback@3@XZ 0000000180001ea0 f i Adjacencies.obj
 0001:00000eb0       ?getAllocatorCallback@Foundation@shdfnd@physx@@UEAAAEAVPxAllocatorCallback@3@XZ 0000000180001eb0 f i Adjacencies.obj
 0001:00000ec0       ?getErrorLevel@Foundation@shdfnd@physx@@UEBA?AW4Enum@PxErrorCode@3@XZ 0000000180001ec0 f i Adjacencies.obj
 0001:00000ed0       ?getInternalErrorCallback@Foundation@shdfnd@physx@@QEAAAEAVPxErrorCallback@3@XZ 0000000180001ed0 f i Adjacencies.obj
 0001:00000ee0       ?getNamedAllocMap@Foundation@shdfnd@physx@@QEAAAEAV?$HashMap@PEBVNamedAllocator@shdfnd@physx@@PEBDU?$Hash@PEBVNamedAllocator@shdfnd@physx@@@23@VNonTrackingAllocator@23@@23@XZ 0000000180001ee0 f i Adjacencies.obj
 0001:00000ef0       ?getNamedAllocMutex@Foundation@shdfnd@physx@@QEAAAEAV?$MutexT@VAllocator@shdfnd@physx@@@23@XZ 0000000180001ef0 f i Adjacencies.obj
 0001:00000f00       ?getReportAllocationNames@Foundation@shdfnd@physx@@UEBA_NXZ 0000000180001f00 f i Adjacencies.obj
 0001:00000f10       ?getTempAllocFreeTable@Foundation@shdfnd@physx@@QEAAAEAV?$Array@PEATTempAllocatorChunk@shdfnd@physx@@VAllocator@23@@23@XZ 0000000180001f10 f i Adjacencies.obj
 0001:00000f20       ?getTempAllocMutex@Foundation@shdfnd@physx@@QEAAAEAV?$MutexT@VAllocator@shdfnd@physx@@@23@XZ 0000000180001f20 f i Adjacencies.obj
 0001:00000f30       ?invalidateRanks@RadixSort@Cm@physx@@QEAAXXZ 0000000180001f30 f i Adjacencies.obj
 0001:00000f40       ?setErrorLevel@Foundation@shdfnd@physx@@UEAAXW4Enum@PxErrorCode@3@@Z 0000000180001f40 f i Adjacencies.obj
 0001:00000f50       ?setReportAllocationNames@Foundation@shdfnd@physx@@UEAAX_N@Z 0000000180001f50 f i Adjacencies.obj
 0001:00000f60       ??0DebugText@Cm@physx@@QEAA@$$QEAU012@@Z 0000000180001f60 f i Cooking.obj
 0001:00000f60       ??0DebugText@Cm@physx@@QEAA@AEBU012@@Z 0000000180001f60 f i Cooking.obj
 0001:00001040       ??0HeightFieldData@Gu@physx@@QEAA@$$QEAU012@@Z 0000000180002040 f i Cooking.obj
 0001:00001040       ??0HeightFieldData@Gu@physx@@QEAA@AEBU012@@Z 0000000180002040 f i Cooking.obj
 0001:00001040       ??4HeightFieldData@Gu@physx@@QEAAAEAU012@AEBU012@@Z 0000000180002040 f i Cooking.obj
 0001:00001040       ??4HeightFieldData@Gu@physx@@QEAAAEAU012@$$QEAU012@@Z 0000000180002040 f i Cooking.obj
 0001:000010a0       ??0HeightFieldData@Gu@physx@@QEAA@XZ 00000001800020a0 f i Cooking.obj
 0001:000010b0       ??0RenderOutput@Cm@physx@@QEAA@AEAVRenderBuffer@12@@Z 00000001800020b0 f i Cooking.obj
 0001:00001100       ??0RenderOutput@Cm@physx@@QEAA@AEBV012@@Z 0000000180002100 f i Cooking.obj
 0001:000011a0       ??1PxHeightField@physx@@MEAA@XZ 00000001800021a0 f i Cooking.obj
 0001:000011a0       ??1PxConvexMesh@physx@@MEAA@XZ 00000001800021a0 f i Cooking.obj
 0001:000011b0       ??4DebugText@Cm@physx@@QEAAAEAU012@AEBU012@@Z 00000001800021b0 f i Cooking.obj
 0001:000011b0       ??4DebugText@Cm@physx@@QEAAAEAU012@$$QEAU012@@Z 00000001800021b0 f i Cooking.obj
 0001:000012e0       ??4FPUGuard@shdfnd@physx@@QEAAAEAV012@AEBV012@@Z 00000001800022e0 f i Cooking.obj
 0001:00001300       ??_ECooking@physx@@UEAAPEAXI@Z 0000000180002300 f i Cooking.obj
 0001:00001300       ??_GCooking@physx@@UEAAPEAXI@Z 0000000180002300 f i Cooking.obj
 0001:00001350       ??_EPxBase@physx@@MEAAPEAXI@Z 0000000180002350 f i Cooking.obj
 0001:00001350       ??_GPxBase@physx@@MEAAPEAXI@Z 0000000180002350 f i Cooking.obj
 0001:00001380       ??_GPxCooking@physx@@MEAAPEAXI@Z 0000000180002380 f i Cooking.obj
 0001:00001380       ??_EPxCooking@physx@@MEAAPEAXI@Z 0000000180002380 f i Cooking.obj
 0001:000013b0       ?computeHullPolygons@Cooking@physx@@UEBA_NAEBVPxSimpleTriangleMesh@2@AEAVPxAllocatorCallback@2@AEAIAEAPEAVPxVec3@2@2AEAPEAI2AEAPEAUPxHullPolygon@2@@Z 00000001800023b0 f   Cooking.obj
 0001:00001590       ?cookBVHStructure@Cooking@physx@@UEBA_NAEBVPxBVHStructureDesc@2@AEAVPxOutputStream@2@@Z 0000000180002590 f   Cooking.obj
 0001:00001670       ?cookConvexMesh@Cooking@physx@@UEBA_NAEBVPxConvexMeshDesc@2@AEAVPxOutputStream@2@PEAW4Enum@PxConvexMeshCookingResult@2@@Z 0000000180002670 f   Cooking.obj
 0001:00001850       ?cookConvexMeshInternal@Cooking@physx@@AEBA_NAEBVPxConvexMeshDesc@2@AEAVConvexMeshBuilder@2@PEAVConvexHullLib@2@PEAW4Enum@PxConvexMeshCookingResult@2@@Z 0000000180002850 f   Cooking.obj
 0001:00001ac0       ?cookHeightField@Cooking@physx@@UEBA_NAEBVPxHeightFieldDesc@2@AEAVPxOutputStream@2@@Z 0000000180002ac0 f   Cooking.obj
 0001:00001bc0       ?cookTriangleMesh@Cooking@physx@@UEBA_NAEBVPxTriangleMeshDesc@2@AEAVPxOutputStream@2@PEAW4Enum@PxTriangleMeshCookingResult@2@@Z 0000000180002bc0 f   Cooking.obj
 0001:00001d00       ?copy@?$Array@UPxDebugLine@physx@@VNamedAllocator@shdfnd@2@@shdfnd@physx@@KAXPEAUPxDebugLine@3@0PEBU43@@Z 0000000180002d00 f i Cooking.obj
 0001:00001eb0       ?createBVHStructure@Cooking@physx@@UEBAPEAVPxBVHStructure@2@AEBVPxBVHStructureDesc@2@AEAVPxPhysicsInsertionCallback@2@@Z 0000000180002eb0 f   Cooking.obj
 0001:00001f90       ?createConvexMesh@Cooking@physx@@UEBAPEAVPxConvexMesh@2@AEBVPxConvexMeshDesc@2@AEAVPxPhysicsInsertionCallback@2@PEAW4Enum@PxConvexMeshCookingResult@2@@Z 0000000180002f90 f   Cooking.obj
 0001:00002190       ?createHeightField@Cooking@physx@@UEBAPEAVPxHeightField@2@AEBVPxHeightFieldDesc@2@AEAVPxPhysicsInsertionCallback@2@@Z 0000000180003190 f   Cooking.obj
 0001:00002350       ?createTriangleMesh@Cooking@physx@@UEBAPEAVPxTriangleMesh@2@AEBVPxTriangleMeshDesc@2@AEAVPxPhysicsInsertionCallback@2@PEAW4Enum@PxTriangleMeshCookingResult@2@@Z 0000000180003350 f   Cooking.obj
 0001:000024a0       ?getConcreteTypeName@PxConvexMesh@physx@@UEBAPEBDXZ 00000001800034a0 f i Cooking.obj
 0001:000024b0       ?getConcreteTypeName@PxHeightField@physx@@UEBAPEBDXZ 00000001800034b0 f i Cooking.obj
 0001:000024c0       ?getConvexEdgeThreshold@HeightField@Gu@physx@@UEBAMXZ 00000001800034c0 f i Cooking.obj
 0001:000024d0       ?getFlags@HeightField@Gu@physx@@UEBA?AV?$PxFlags@W4Enum@PxHeightFieldFlag@physx@@G@3@XZ 00000001800034d0 f i Cooking.obj
 0001:000024e0       ?getFormat@HeightField@Gu@physx@@UEBA?AW4Enum@PxHeightFieldFormat@3@XZ 00000001800034e0 f i Cooking.obj
 0001:000024f0       ?getHeight@HeightField@Gu@physx@@UEBAMMM@Z 00000001800034f0 f i Cooking.obj
 0001:00002530       ?getHeightInternal2@HeightField@Gu@physx@@QEBAMIMM@Z 0000000180003530 f i Cooking.obj
 0001:000026a0       ?getIndexBuffer@ConvexMesh@Gu@physx@@UEBAPEBEXZ 00000001800036a0 f i Cooking.obj
 0001:000026e0       ?getNbColumns@HeightField@Gu@physx@@UEBAIXZ 00000001800036e0 f i Cooking.obj
 0001:000026f0       ?getNbPolygons@ConvexMesh@Gu@physx@@UEBAIXZ 00000001800036f0 f i Cooking.obj
 0001:00002700       ?getNbRows@HeightField@Gu@physx@@UEBAIXZ 0000000180003700 f i Cooking.obj
 0001:00002710       ?getNbVertices@ConvexMesh@Gu@physx@@UEBAIXZ 0000000180003710 f i Cooking.obj
 0001:00002720       ?getParams@Cooking@physx@@UEBAAEBUPxCookingParams@2@XZ 0000000180003720 f   Cooking.obj
 0001:00002720       ?getDenormalizeScale@QuantizerImpl@@UEBAAEBVPxVec3@physx@@XZ 0000000180003720 f   Quantizer.obj
 0001:00002730       ?getSample@HeightField@Gu@physx@@UEBAAEBUPxHeightFieldSample@3@II@Z 0000000180003730 f i Cooking.obj
 0001:00002740       ?getSampleStride@HeightField@Gu@physx@@UEBAIXZ 0000000180003740 f i Cooking.obj
 0001:00002750       ?getTimestamp@HeightField@Gu@physx@@UEBAIXZ 0000000180003750 f i Cooking.obj
 0001:00002760       ?getTriangleMaterialIndex@HeightField@Gu@physx@@UEBAGI@Z 0000000180003760 f i Cooking.obj
 0001:00002790       ?getTriangleNormal@HeightField@Gu@physx@@UEBA?AVPxVec3@3@I@Z 0000000180003790 f i Cooking.obj
 0001:00002890       ?getVertices@ConvexMesh@Gu@physx@@UEBAPEBVPxVec3@3@XZ 0000000180003890 f i Cooking.obj
 0001:000028b0       ?isKindOf@PxBase@physx@@MEBA_NPEBD@Z 00000001800038b0 f i Cooking.obj
 0001:000028e0       ?isKindOf@PxConvexMesh@physx@@MEBA_NPEBD@Z 00000001800038e0 f i Cooking.obj
 0001:00002930       ?isKindOf@PxHeightField@physx@@MEBA_NPEBD@Z 0000000180003930 f i Cooking.obj
 0001:00002980       ?isReleasable@PxBase@physx@@UEBA_NXZ 0000000180003980 f i Cooking.obj
 0001:00002990       ?outputSegment@RenderOutput@Cm@physx@@QEAAXAEBVPxVec3@3@0@Z 0000000180003990 f i Cooking.obj
 0001:00002a50       ?platformMismatch@Cooking@physx@@UEBA_NXZ 0000000180003a50 f   Cooking.obj
 0001:00002a60       ?preExportDataReset@HeightField@Gu@physx@@QEAAXXZ 0000000180003a60 f i Cooking.obj
 0001:00002a60       ?preExportDataReset@ConvexMesh@Gu@physx@@QEAAXXZ 0000000180003a60 f i Cooking.obj
 0001:00002a70       ?recreate@?$Array@UPxDebugLine@physx@@VNamedAllocator@shdfnd@2@@shdfnd@physx@@IEAAXI@Z 0000000180003a70 f i Cooking.obj
 0001:00002b10       ?release@Cooking@physx@@UEAAXXZ 0000000180003b10 f   Cooking.obj
 0001:00002b30       ?reserveSegments@RenderOutput@Cm@physx@@QEAAPEAUPxDebugLine@3@I@Z 0000000180003b30 f i Cooking.obj
 0001:00002ba0       ?setParams@Cooking@physx@@UEAAXAEBUPxCookingParams@2@@Z 0000000180003ba0 f   Cooking.obj
 0001:00002c00       ?validateConvexMesh@Cooking@physx@@UEBA_NAEBVPxConvexMeshDesc@2@@Z 0000000180003c00 f   Cooking.obj
 0001:00002c60       ?validateTriangleMesh@Cooking@physx@@UEBA_NAEBVPxTriangleMeshDesc@2@@Z 0000000180003c60 f   Cooking.obj
 0001:00002d70       PxCreateCooking            0000000180003d70 f   Cooking.obj
 0001:00002e60       ??0ReducedVertexCloud@physx@@QEAA@PEBVPxVec3@1@I@Z 0000000180003e60 f   CookingUtils.obj
 0001:00002e80       ??1ReducedVertexCloud@physx@@QEAA@XZ 0000000180003e80 f   CookingUtils.obj
 0001:00002e90       ?Clean@ReducedVertexCloud@physx@@QEAAAEAV12@XZ 0000000180003e90 f   CookingUtils.obj
 0001:00002f00       ?Reduce@ReducedVertexCloud@physx@@QEAA_NPEAUREDUCEDCLOUD@2@@Z 0000000180003f00 f   CookingUtils.obj
 0001:00003210       ??$?_UI@@YAPEAX_KV?$ReflectionAllocator@I@shdfnd@physx@@PEBDH@Z 0000000180004210 f i EdgeList.obj
 0001:000032b0       ??0EdgeListBuilder@Gu@physx@@QEAA@XZ 00000001800042b0 f   EdgeList.obj
 0001:000032d0       ??1EdgeList@Gu@physx@@QEAA@XZ 00000001800042d0 f   EdgeList.obj
 0001:00003370       ??1EdgeListBuilder@Gu@physx@@QEAA@XZ 0000000180004370 f   EdgeList.obj
 0001:00003380       ?computeActiveEdges@EdgeListBuilder@Gu@physx@@AEAA_NIPEBIPEBGPEBVPxVec3@3@M@Z 0000000180004380 f   EdgeList.obj
 0001:000049f0       ?createEdgesToFaces@EdgeListBuilder@Gu@physx@@AEAA_NIPEBIPEBG@Z 00000001800059f0 f   EdgeList.obj
 0001:00004c40       ?createFacesToEdges@EdgeListBuilder@Gu@physx@@AEAA_NIPEBIPEBG@Z 0000000180005c40 f   EdgeList.obj
 0001:000050c0       ?init@EdgeListBuilder@Gu@physx@@QEAA_NAEBUEDGELISTCREATE@23@@Z 00000001800060c0 f   EdgeList.obj
 0001:000051f0       ??0MeshCleaner@physx@@QEAA@IPEBVPxVec3@1@IPEBIM@Z 00000001800061f0 f   MeshCleaner.obj
 0001:00005bb0       ??1MeshCleaner@physx@@QEAA@XZ 0000000180006bb0 f   MeshCleaner.obj
 0001:00005c40       ??$kmeans_cluster@VPxVec3@physx@@M@@YAIPEBVPxVec3@physx@@IIPEAV01@PEAIMM@Z 0000000180006c40 f i Quantizer.obj
 0001:00006580       ??_GQuantizer@physx@@MEAAPEAXI@Z 0000000180007580 f i Quantizer.obj
 0001:00006580       ??_EQuantizer@physx@@MEAAPEAXI@Z 0000000180007580 f i Quantizer.obj
 0001:000065b0       ??_GQuantizerImpl@@EEAAPEAXI@Z 00000001800075b0 f i Quantizer.obj
 0001:000065b0       ??_EQuantizerImpl@@EEAAPEAXI@Z 00000001800075b0 f i Quantizer.obj
 0001:00006680       ?createQuantizer@physx@@YAPEAVQuantizer@1@XZ 0000000180007680 f   Quantizer.obj
 0001:000067a0       ?getDenormalizeCenter@QuantizerImpl@@UEBAAEBVPxVec3@physx@@XZ 00000001800077a0 f i Quantizer.obj
 0001:000067b0       ?growAndPushBack@?$Array@VPxVec3@physx@@VNamedAllocator@shdfnd@2@@shdfnd@physx@@IEAAAEAVPxVec3@3@AEBV43@@Z 00000001800077b0 f i Quantizer.obj
 0001:00006950       ?kmeansQuantize3D@QuantizerImpl@@UEAAPEBVPxVec3@physx@@IPEBV23@I_NIAEAI@Z 0000000180007950 f i Quantizer.obj
 0001:00006bc0       ?normalizeInput@QuantizerImpl@@AEAAXIPEBVPxVec3@physx@@I@Z 0000000180007bc0 f i Quantizer.obj
 0001:00006ff0       ?release@QuantizerImpl@@UEAAXXZ 0000000180007ff0 f i Quantizer.obj
 0001:00007010       ??$copy@VNamedAllocator@shdfnd@physx@@@?$Array@USlab@NodeAllocator@Gu@physx@@VNamedAllocator@shdfnd@4@@shdfnd@physx@@IEAAXAEBV012@@Z 0000000180008010 f i BVHStructureBuilder.obj
 0001:00007090       ??0AABBTreeBuildNode@Gu@physx@@QEAA@AEBV012@@Z 0000000180008090 f i BVHStructureBuilder.obj
 0001:00007090       ??4AABBTreeBuildNode@Gu@physx@@QEAAAEAV012@AEBV012@@Z 0000000180008090 f i BVHStructureBuilder.obj
 0001:000070d0       ??0AABBTreeBuildParams@Gu@physx@@QEAA@IIPEBVPxBounds3@2@@Z 00000001800080d0 f i BVHStructureBuilder.obj
 0001:000070f0       ??0BVHStructureBuilder@physx@@QEAA@XZ 00000001800080f0 f   BVHStructureBuilder.obj
 0001:00007110       ??0BuildStats@Gu@physx@@QEAA@XZ 0000000180008110 f i BVHStructureBuilder.obj
 0001:00007120       ??0NodeAllocator@Gu@physx@@QEAA@AEBV012@@Z 0000000180008120 f i BVHStructureBuilder.obj
 0001:00007190       ?reset@AABBTreeBuildParams@Gu@physx@@QEAAXXZ 0000000180008190 f i BVHStructureBuilder.obj
 0001:00007190       ??1AABBTreeBuildParams@Gu@physx@@QEAA@XZ 0000000180008190 f i BVHStructureBuilder.obj
 0001:000071f0       ??1BVHStructureBuilder@physx@@QEAA@XZ 00000001800081f0 f   BVHStructureBuilder.obj
 0001:00007270       ??4AABBTreeBuildParams@Gu@physx@@QEAAAEAV012@AEBV012@@Z 0000000180008270 f i BVHStructureBuilder.obj
 0001:00007290       ??4BuildStats@Gu@physx@@QEAAAEAU012@$$QEAU012@@Z 0000000180008290 f i BVHStructureBuilder.obj
 0001:000072a0       ??4BuildStats@Gu@physx@@QEAAAEAU012@AEBU012@@Z 00000001800082a0 f i BVHStructureBuilder.obj
 0001:000072b0       ??4NodeAllocator@Gu@physx@@QEAAAEAV012@AEBV012@@Z 00000001800082b0 f i BVHStructureBuilder.obj
 0001:00007360       ??_FAABBTreeBuildParams@Gu@physx@@QEAAXXZ 0000000180008360 f i BVHStructureBuilder.obj
 0001:00007380       ?__global_delete@@YAXPEAX_K@Z 0000000180008380 f i BVHStructureBuilder.obj
 0001:00007380       ??_V@YAXPEAX_K@Z           0000000180008380 f i LIBCMT:delete_array_size.obj
 0001:00007390       ?allocate@?$Array@USlab@NodeAllocator@Gu@physx@@VNamedAllocator@shdfnd@4@@shdfnd@physx@@IEAAPEAUSlab@NodeAllocator@Gu@3@I@Z 0000000180008390 f i BVHStructureBuilder.obj
 0001:000073f0       ?getCount@BuildStats@Gu@physx@@QEBAIXZ 00000001800083f0 f i BVHStructureBuilder.obj
 0001:00007400       ?getNbPrimitives@AABBTreeBuildNode@Gu@physx@@QEBAIXZ 0000000180008400 f i BVHStructureBuilder.obj
 0001:00007400       ?getNbRuntimePrimitives@AABBTreeBuildNode@Gu@physx@@QEBAIXZ 0000000180008400 f i BVHStructureBuilder.obj
 0001:00007410       ?getNeg@AABBTreeBuildNode@Gu@physx@@QEBAPEBV123@XZ 0000000180008410 f i BVHStructureBuilder.obj
 0001:00007430       ?getPrimitives@AABBTreeBuildNode@Gu@physx@@QEBAPEBIPEBI@Z 0000000180008430 f i BVHStructureBuilder.obj
 0001:00007430       ?getPrimitives@AABBTreeBuildNode@Gu@physx@@QEAAPEAIPEAI@Z 0000000180008430 f i BVHStructureBuilder.obj
 0001:00007440       ?increaseCount@BuildStats@Gu@physx@@QEAAXI@Z 0000000180008440 f i BVHStructureBuilder.obj
 0001:00007450       ?isLeaf@AABBTreeBuildNode@Gu@physx@@QEBA_NXZ 0000000180008450 f i BVHStructureBuilder.obj
 0001:00007460       ?loadFromDesc@BVHStructureBuilder@physx@@QEAA_NAEBVPxBVHStructureDesc@2@@Z 0000000180008460 f   BVHStructureBuilder.obj
 0001:00007900       ?moveData@BVHStructureBuilder@physx@@QEAAXAEAUBVHStructureData@Gu@2@@Z 0000000180008900 f   BVHStructureBuilder.obj
 0001:00007940       ?recreate@?$Array@USlab@NodeAllocator@Gu@physx@@VNamedAllocator@shdfnd@4@@shdfnd@physx@@IEAAXI@Z 0000000180008940 f i BVHStructureBuilder.obj
 0001:000079f0       ?reset@BuildStats@Gu@physx@@QEAAXXZ 00000001800089f0 f i BVHStructureBuilder.obj
 0001:00007a00       ?save@BVHStructureBuilder@physx@@QEBA_NAEAVPxOutputStream@2@_N@Z 0000000180008a00 f   BVHStructureBuilder.obj
 0001:00007b80       ?setCount@BuildStats@Gu@physx@@QEAAXI@Z 0000000180008b80 f i BVHStructureBuilder.obj
 0001:00007b90       ?setNbRunTimePrimitives@AABBTreeBuildNode@Gu@physx@@QEAAXI@Z 0000000180008b90 f i BVHStructureBuilder.obj
 0001:00007ba0       ?saveHeightField@physx@@YA_NAEBVHeightField@Gu@1@AEAVPxOutputStream@1@_N@Z 0000000180008ba0 f   HeightFieldCooking.obj
 0001:00007de0       ??$quickSelectFirstK@UBoundsLTE@physx@@@quickSelect@physx@@YAXPEIAIIIIAEBUBoundsLTE@1@@Z 0000000180008de0 f i RTreeCooking.obj
 0001:00007fc0       ??$smallSort@I$$CBUSortBoundsPredicate@physx@@@internal@shdfnd@physx@@YAXPEAIHHAEBUSortBoundsPredicate@2@@Z 0000000180008fc0 f i RTreeCooking.obj
 0001:00008290       ??$sort@IU?$Less@I@shdfnd@physx@@VNamedAllocator@23@@shdfnd@physx@@YAXPEAIIAEBU?$Less@I@01@AEBVNamedAllocator@01@I@Z 0000000180009290 f i RTreeCooking.obj
 0001:00008650       ??$sort@IUSortBoundsPredicate@physx@@VNamedAllocator@shdfnd@2@@shdfnd@physx@@YAXPEAIIAEBUSortBoundsPredicate@1@AEBVNamedAllocator@01@I@Z 0000000180009650 f i RTreeCooking.obj
 0001:00008ab0       ??0?$InlineArray@UInterval@physx@@$0EAA@VNamedAllocator@shdfnd@2@@shdfnd@physx@@QEAA@AEBVNamedAllocator@12@@Z 0000000180009ab0 f i RTreeCooking.obj
 0001:00008b80       ?allocate@?$Array@UInterval@physx@@V?$InlineAllocator@$0CAAA@VNamedAllocator@shdfnd@physx@@@shdfnd@2@@shdfnd@physx@@IEAAPEAUInterval@3@I@Z 0000000180009b80 f i RTreeCooking.obj
 0001:00009990       ?buildFromTriangles@RTreeCooker@physx@@SAXAEAURTree@Gu@2@PEBVPxVec3@2@IPEBGPEBIIAEAV?$Array@IVNamedAllocator@shdfnd@physx@@@shdfnd@2@PEAURemapCallback@12@MW4Enum@PxMeshCookingHint@2@@Z 000000018000a990 f   RTreeCooking.obj
 0001:00009c20       ?copy@?$Array@URTreeNodeNQ@physx@@VNamedAllocator@shdfnd@2@@shdfnd@physx@@KAXPEAURTreeNodeNQ@3@0PEBU43@@Z 000000018000ac20 f i RTreeCooking.obj
 0001:00009de0       ?copy@?$Array@VPxVec3@physx@@VNamedAllocator@shdfnd@2@@shdfnd@physx@@KAXPEAVPxVec3@3@0PEBV43@@Z 000000018000ade0 f i RTreeCooking.obj
 0001:00009eb0       ?growAndPushBack@?$Array@VHalfEdge@ConvexHull@physx@@VNamedAllocator@shdfnd@3@@shdfnd@physx@@IEAAAEAVHalfEdge@ConvexHull@3@AEBV453@@Z 000000018000aeb0 f i ConvexHullUtils.obj
 0001:00009eb0       ?growAndPushBack@?$Array@IVNamedAllocator@shdfnd@physx@@@shdfnd@physx@@IEAAAEAIAEBI@Z 000000018000aeb0 f i RTreeCooking.obj
 0001:00009fa0       ?growAndPushBack@?$Array@UInterval@physx@@V?$InlineAllocator@$0CAAA@VNamedAllocator@shdfnd@physx@@@shdfnd@2@@shdfnd@physx@@IEAAAEAUInterval@3@AEBU43@@Z 000000018000afa0 f i RTreeCooking.obj
 0001:0000a080       ?growAndPushBack@?$Array@UPxBounds3V@physx@@VNamedAllocator@shdfnd@2@@shdfnd@physx@@IEAAAEAUPxBounds3V@3@AEBU43@@Z 000000018000b080 f i RTreeCooking.obj
 0001:0000a190       ?growAndPushBack@?$Array@URTreeNodeNQ@physx@@VNamedAllocator@shdfnd@2@@shdfnd@physx@@IEAAAEAURTreeNodeNQ@3@AEBU43@@Z 000000018000b190 f i RTreeCooking.obj
 0001:0000a2a0       ?growAndPushBack@?$Array@URTreeNodeQ@Gu@physx@@VNamedAllocator@shdfnd@3@@shdfnd@physx@@IEAAAEAURTreeNodeQ@Gu@3@AEBU453@@Z 000000018000b2a0 f i RTreeCooking.obj
 0001:0000a3c0       ?recreate@?$Array@IVNamedAllocator@shdfnd@physx@@@shdfnd@physx@@IEAAXI@Z 000000018000b3c0 f i RTreeCooking.obj
 0001:0000a3c0       ?recreate@?$Array@VHalfEdge@ConvexHull@physx@@VNamedAllocator@shdfnd@3@@shdfnd@physx@@IEAAXI@Z 000000018000b3c0 f i ConvexHullUtils.obj
 0001:0000a470       ?recreate@?$Array@UPxBounds3V@physx@@VNamedAllocator@shdfnd@2@@shdfnd@physx@@IEAAXI@Z 000000018000b470 f i RTreeCooking.obj
 0001:0000a530       ?recreate@?$Array@URTreeNodeNQ@physx@@VNamedAllocator@shdfnd@2@@shdfnd@physx@@IEAAXI@Z 000000018000b530 f i RTreeCooking.obj
 0001:0000a5d0       ?recreate@?$Array@URTreeNodeQ@Gu@physx@@VNamedAllocator@shdfnd@3@@shdfnd@physx@@IEAAXI@Z 000000018000b5d0 f i RTreeCooking.obj
 0001:0000a690       ?recreate@?$Array@VPxVec3@physx@@VNamedAllocator@shdfnd@2@@shdfnd@physx@@IEAAXI@Z 000000018000b690 f i RTreeCooking.obj
 0001:0000a730       ?resize@?$Array@IVNamedAllocator@shdfnd@physx@@@shdfnd@physx@@QEAAXIAEBI@Z 000000018000b730 f i RTreeCooking.obj
 0001:0000a7f0       ?resizeUninitialized@?$Array@URTreeNodeNQ@physx@@VNamedAllocator@shdfnd@2@@shdfnd@physx@@QEAAXI@Z 000000018000b7f0 f i RTreeCooking.obj
 0001:0000a830       ?sort4@SubSortQuick@physx@@QEAAXPEIAIIAEAV?$Array@URTreeNodeNQ@physx@@VNamedAllocator@shdfnd@2@@shdfnd@2@AEAIAEAUPxBounds3V@2@I@Z 000000018000b830 f i RTreeCooking.obj
 0001:0000abc0       ?sort4@SubSortSAH@physx@@QEAAXPEAIIAEAV?$Array@URTreeNodeNQ@physx@@VNamedAllocator@shdfnd@2@@shdfnd@2@AEAIIPEAURTreeNodeNQ@2@@Z 000000018000bbc0 f i RTreeCooking.obj
 0001:0000b450       ?split@SubSortSAH@physx@@QEAAIPEAII@Z 000000018000c450 f i RTreeCooking.obj
 0001:0000be80       ?computeLocalBounds@MeshBulider@physx@@IEAAXAEAVMeshDataBase@Gu@2@@Z 000000018000ce80 f   MeshBuilder.obj
 0001:0000bf10       ??$?_UG@@YAPEAX_KV?$ReflectionAllocator@G@shdfnd@physx@@PEBDH@Z 000000018000cf10 f i TriangleMeshBuilder.obj
 0001:0000bfb0       ??$sort@UEdgeTriLookup@physx@@U?$Less@UEdgeTriLookup@physx@@@shdfnd@2@VNamedAllocator@42@@shdfnd@physx@@YAXPEAUEdgeTriLookup@1@IAEBU?$Less@UEdgeTriLookup@physx@@@01@AEBVNamedAllocator@01@I@Z 000000018000cfb0 f i TriangleMeshBuilder.obj
 0001:0000c4a0       ??0BV4TriangleMeshBuilder@physx@@QEAA@AEBUPxCookingParams@1@@Z 000000018000d4a0 f   TriangleMeshBuilder.obj
 0001:0000c570       ??0RTreeTriangleMeshBuilder@physx@@QEAA@AEBUPxCookingParams@1@@Z 000000018000d570 f   TriangleMeshBuilder.obj
 0001:0000c630       ??1BV4TriangleMeshBuilder@physx@@UEAA@XZ 000000018000d630 f   TriangleMeshBuilder.obj
 0001:0000c690       ??1MeshDataBase@Gu@physx@@UEAA@XZ 000000018000d690 f i TriangleMeshBuilder.obj
 0001:0000c770       ??1RTreeTriangleData@Gu@physx@@UEAA@XZ 000000018000d770 f i TriangleMeshBuilder.obj
 0001:0000c7e0       ??1RTreeTriangleMeshBuilder@physx@@UEAA@XZ 000000018000d7e0 f   TriangleMeshBuilder.obj
 0001:0000c810       ??1TriangleMeshBuilder@physx@@UEAA@XZ 000000018000d810 f   TriangleMeshBuilder.obj
 0001:0000c870       ??1TriangleMeshData@Gu@physx@@UEAA@XZ 000000018000d870 f i TriangleMeshBuilder.obj
 0001:0000c940       ??_EBV4TriangleData@Gu@physx@@UEAAPEAXI@Z 000000018000d940 f i TriangleMeshBuilder.obj
 0001:0000c940       ??_GBV4TriangleData@Gu@physx@@UEAAPEAXI@Z 000000018000d940 f i TriangleMeshBuilder.obj
 0001:0000c9c0       ??_EBV4TriangleMeshBuilder@physx@@UEAAPEAXI@Z 000000018000d9c0 f i TriangleMeshBuilder.obj
 0001:0000c9c0       ??_GBV4TriangleMeshBuilder@physx@@UEAAPEAXI@Z 000000018000d9c0 f i TriangleMeshBuilder.obj
 0001:0000ca40       ??_GMeshDataBase@Gu@physx@@UEAAPEAXI@Z 000000018000da40 f i TriangleMeshBuilder.obj
 0001:0000ca40       ??_EMeshDataBase@Gu@physx@@UEAAPEAXI@Z 000000018000da40 f i TriangleMeshBuilder.obj
 0001:0000caa0       ??_GRTreeCookerRemap@physx@@UEAAPEAXI@Z 000000018000daa0 f i TriangleMeshBuilder.obj
 0001:0000caa0       ??_ERTreeCookerRemap@physx@@UEAAPEAXI@Z 000000018000daa0 f i TriangleMeshBuilder.obj
 0001:0000cad0       ??_GRTreeTriangleData@Gu@physx@@UEAAPEAXI@Z 000000018000dad0 f i TriangleMeshBuilder.obj
 0001:0000cad0       ??_ERTreeTriangleData@Gu@physx@@UEAAPEAXI@Z 000000018000dad0 f i TriangleMeshBuilder.obj
 0001:0000cb30       ??_ERTreeTriangleMeshBuilder@physx@@UEAAPEAXI@Z 000000018000db30 f i TriangleMeshBuilder.obj
 0001:0000cb30       ??_GRTreeTriangleMeshBuilder@physx@@UEAAPEAXI@Z 000000018000db30 f i TriangleMeshBuilder.obj
 0001:0000cb80       ??_ERemapCallback@RTreeCooker@physx@@UEAAPEAXI@Z 000000018000db80 f i TriangleMeshBuilder.obj
 0001:0000cb80       ??_GRemapCallback@RTreeCooker@physx@@UEAAPEAXI@Z 000000018000db80 f i TriangleMeshBuilder.obj
 0001:0000cbb0       ??_ETriangleMeshBuilder@physx@@UEAAPEAXI@Z 000000018000dbb0 f i TriangleMeshBuilder.obj
 0001:0000cbb0       ??_GTriangleMeshBuilder@physx@@UEAAPEAXI@Z 000000018000dbb0 f i TriangleMeshBuilder.obj
 0001:0000cbf0       ??_ETriangleMeshData@Gu@physx@@UEAAPEAXI@Z 000000018000dbf0 f i TriangleMeshBuilder.obj
 0001:0000cbf0       ??_GTriangleMeshData@Gu@physx@@UEAAPEAXI@Z 000000018000dbf0 f i TriangleMeshBuilder.obj
 0001:0000cc50       ?allocateTriangles@TriangleMeshData@Gu@physx@@QEAAPEAXI_NI@Z 000000018000dc50 f i TriangleMeshBuilder.obj
 0001:0000cd20       ?allocateVertices@MeshDataBase@Gu@physx@@QEAAPEAVPxVec3@3@I@Z 000000018000dd20 f i TriangleMeshBuilder.obj
 0001:0000d230       ?checkMeshIndicesSize@TriangleMeshBuilder@physx@@QEAAXXZ 000000018000e230 f   TriangleMeshBuilder.obj
 0001:0000d340       ?cleanMesh@TriangleMeshBuilder@physx@@QEAA_N_NPEAW4Enum@PxTriangleMeshCookingResult@2@@Z 000000018000e340 f   TriangleMeshBuilder.obj
 0001:0000d800       ?createGRBMidPhaseAndData@TriangleMeshBuilder@physx@@QEAAXI@Z 000000018000e800 f   TriangleMeshBuilder.obj
 0001:0000db80       ?createMidPhaseStructure@BV4TriangleMeshBuilder@physx@@UEAAXXZ 000000018000eb80 f   TriangleMeshBuilder.obj
 0001:0000de40       ?createMidPhaseStructure@RTreeTriangleMeshBuilder@physx@@UEAAXXZ 000000018000ee40 f   TriangleMeshBuilder.obj
 0001:0000df70       ?createSharedEdgeData@TriangleMeshBuilder@physx@@QEAAX_N0@Z 000000018000ef70 f   TriangleMeshBuilder.obj
 0001:0000e5c0       ?length@charNode@@UEBAHXZ  000000018000f5c0 f i libvcruntime:undname.obj
 0001:0000e5c0       DllMain                    000000018000f5c0 f i LIBCMT:dll_dllmain_stub.obj
 0001:0000e5c0       _get_startup_argv_mode     000000018000f5c0 f i LIBCMT:argv_mode.obj
 0001:0000e5c0       ?getMidphaseID@BV4TriangleMeshBuilder@physx@@UEBA?AW4Enum@PxMeshMidPhase@2@XZ 000000018000f5c0 f i TriangleMeshBuilder.obj
 0001:0000e5c0       ?raw_length@charNode@@UEBAHXZ 000000018000f5c0 f i libvcruntime:undname.obj
 0001:0000e5d0       ?getMidphaseID@RTreeTriangleMeshBuilder@physx@@UEBA?AW4Enum@PxMeshMidPhase@2@XZ 000000018000f5d0 f i TriangleMeshBuilder.obj
 0001:0000e5e0       ?importMesh@TriangleMeshBuilder@physx@@IEAA_NAEBVPxTriangleMeshDesc@2@AEBUPxCookingParams@2@PEAW4Enum@PxTriangleMeshCookingResult@2@_N@Z 000000018000f5e0 f   TriangleMeshBuilder.obj
 0001:0000e980       ?loadFromDesc@TriangleMeshBuilder@physx@@QEAA_NAEBVPxTriangleMeshDesc@2@PEAW4Enum@PxTriangleMeshCookingResult@2@_N@Z 000000018000f980 f   TriangleMeshBuilder.obj
 0001:0000ed60       ?onMeshIndexFormatChange@BV4TriangleMeshBuilder@physx@@UEAAXXZ 000000018000fd60 f   TriangleMeshBuilder.obj
 0001:0000eda0       ?remap@RTreeCookerRemap@physx@@UEAAXPEAIII@Z 000000018000fda0 f i TriangleMeshBuilder.obj
 0001:0000edc0       ?remapTopology@TriangleMeshBuilder@physx@@QEAAXPEBI@Z 000000018000fdc0 f   TriangleMeshBuilder.obj
 0001:0000f0c0       ?save@TriangleMeshBuilder@physx@@QEBA_NAEAVPxOutputStream@2@_NAEBUPxCookingParams@2@@Z 00000001800100c0 f   TriangleMeshBuilder.obj
 0001:0000f690       ?saveMidPhaseStructure@BV4TriangleMeshBuilder@physx@@UEBAXAEAVPxOutputStream@2@_N@Z 0000000180010690 f   TriangleMeshBuilder.obj
 0001:0000f830       ?saveMidPhaseStructure@RTreeTriangleMeshBuilder@physx@@UEBAXAEAVPxOutputStream@2@_N@Z 0000000180010830 f   TriangleMeshBuilder.obj
 0001:0000fa70       ??0BigConvexDataBuilder@physx@@QEAA@PEBUConvexHullData@Gu@1@PEAVBigConvexData@1@PEBVPxVec3@1@@Z 0000000180010a70 f   BigConvexDataBuilder.obj
 0001:0000fa80       ??4BigConvexData@physx@@QEAAAEAV01@AEBV01@@Z 0000000180010a80 f i BigConvexDataBuilder.obj
 0001:0000faa0       ?GetAdjacentVerts@BigConvexData@physx@@QEBAPEBEXZ 0000000180010aa0 f i BigConvexDataBuilder.obj
 0001:0000fab0       ?GetNbNeighbors@BigConvexData@physx@@QEBAGI@Z 0000000180010ab0 f i BigConvexDataBuilder.obj
 0001:0000fab0       ?GetValency@BigConvexData@physx@@QEBAGI@Z 0000000180010ab0 f i BigConvexDataBuilder.obj
 0001:0000fac0       ?GetNbSamples@BigConvexData@physx@@QEBAIXZ 0000000180010ac0 f i BigConvexDataBuilder.obj
 0001:0000fad0       ?raw_length@pcharNode@@UEBAHXZ 0000000180010ad0 f i libvcruntime:undname.obj
 0001:0000fad0       ?GetNbVerts@BigConvexData@physx@@QEBAIXZ 0000000180010ad0 f i BigConvexDataBuilder.obj
 0001:0000fad0       ?length@pcharNode@@UEBAHXZ 0000000180010ad0 f i libvcruntime:undname.obj
 0001:0000fae0       ?GetNeighbors@BigConvexData@physx@@QEBAPEBEI@Z 0000000180010ae0 f i BigConvexDataBuilder.obj
 0001:0000faf0       ?GetOffset@BigConvexData@physx@@QEBAGI@Z 0000000180010af0 f i BigConvexDataBuilder.obj
 0001:0000fb00       ?GetSubdiv@BigConvexData@physx@@QEBAIXZ 0000000180010b00 f i BigConvexDataBuilder.obj
 0001:0000fb10       ?computeValencies@BigConvexDataBuilder@physx@@QEAA_NAEBVConvexHullBuilder@2@@Z 0000000180010b10 f   BigConvexDataBuilder.obj
 0001:0000ff00       ?precompute@BigConvexDataBuilder@physx@@QEAA_NI@Z 0000000180010f00 f   BigConvexDataBuilder.obj
 0001:00010b40       ?save@BigConvexDataBuilder@physx@@QEBA_NAEAVPxOutputStream@2@_N@Z 0000000180011b40 f   BigConvexDataBuilder.obj
 0001:00010d80       ??$?_UE@@YAPEAX_KV?$ReflectionAllocator@E@shdfnd@physx@@PEBDH@Z 0000000180011d80 f i ConvexHullBuilder.obj
 0001:00010e20       ??0ConvexHullBuilder@physx@@QEAA@PEAUConvexHullData@Gu@1@_N@Z 0000000180011e20 f   ConvexHullBuilder.obj
 0001:00010e50       ??1ConvexHullBuilder@physx@@QEAA@XZ 0000000180011e50 f   ConvexHullBuilder.obj
 0001:00010f50       ?calculateVertexMapTable@ConvexHullBuilder@physx@@QEAA_NI_N@Z 0000000180011f50 f   ConvexHullBuilder.obj
 0001:00011160       ?checkHullPolygons@ConvexHullBuilder@physx@@QEBA_NXZ 0000000180012160 f   ConvexHullBuilder.obj
 0001:00011740       ?computeGeomCenter@ConvexHullBuilder@physx@@IEBA_NAEAVPxVec3@2@IPEAUHullTriangleData@2@@Z 0000000180012740 f   ConvexHullBuilder.obj
 0001:00011a00       ?copy@ConvexHullBuilder@physx@@QEAA_NAEAUConvexHullData@Gu@2@AEAI@Z 0000000180012a00 f   ConvexHullBuilder.obj
 0001:00011c70       ?createEdgeList@ConvexHullBuilder@physx@@QEAA_N_NI@Z 0000000180012c70 f   ConvexHullBuilder.obj
 0001:000124e0       ?init@ConvexHullBuilder@physx@@QEAA_NIPEBVPxVec3@2@PEBIIIPEBUPxHullPolygon@2@_NPEAVConvexHullLib@2@@Z 00000001800134e0 f   ConvexHullBuilder.obj
 0001:00012e50       ?save@ConvexHullBuilder@physx@@QEBA_NAEAVPxOutputStream@2@_N@Z 0000000180013e50 f   ConvexHullBuilder.obj
 0001:00013170       ??1ConvexHullLib@physx@@UEAA@XZ 0000000180014170 f   ConvexHullLib.obj
 0001:000131d0       ??_EConvexHullLib@physx@@UEAAPEAXI@Z 00000001800141d0 f i ConvexHullLib.obj
 0001:000131d0       ??_GConvexHullLib@physx@@UEAAPEAXI@Z 00000001800141d0 f i ConvexHullLib.obj
 0001:00013740       ?cleanupVertices@ConvexHullLib@physx@@IEAA_NIPEBVPxVec3@2@IAEAIPEAV32@AEAV32@3@Z 0000000180014740 f   ConvexHullLib.obj
 0001:00013bc0       ?shiftAndcleanupVertices@ConvexHullLib@physx@@IEAA_NIPEBVPxVec3@2@IAEAIPEAV32@AEAV32@3@Z 0000000180014bc0 f   ConvexHullLib.obj
 0001:000140b0       ?shiftConvexMeshDesc@ConvexHullLib@physx@@IEAAXAEAVPxConvexMeshDesc@2@@Z 00000001800150b0 f   ConvexHullLib.obj
 0001:00014170       ?swapLargestFace@ConvexHullLib@physx@@IEAAXAEAVPxConvexMeshDesc@2@@Z 0000000180015170 f   ConvexHullLib.obj
 0001:00014360       ??0Box@Gu@physx@@QEAA@AEBV012@@Z 0000000180015360 f i ConvexHullUtils.obj
 0001:00014360       ??4Box@Gu@physx@@QEAAAEBV012@AEBV012@@Z 0000000180015360 f i ConvexHullUtils.obj
 0001:000143c0       ??0Box@Gu@physx@@QEAA@AEBVPxVec3@2@0AEBVPxMat33@2@@Z 00000001800153c0 f i ConvexHullUtils.obj
 0001:00014430       ??0ConvexHull@physx@@QEAA@AEBVPxVec3@1@AEBVPxTransform@1@AEBV?$Array@VPxPlane@physx@@VNamedAllocator@shdfnd@2@@shdfnd@1@@Z 0000000180015430 f   ConvexHullUtils.obj
 0001:00015760       ??0PxQuat@physx@@QEAA@AEBVPxMat33@1@@Z 0000000180016760 f i ConvexHullUtils.obj
 0001:00015940       ?assertIntact@ConvexHull@physx@@QEBA_NM@Z 0000000180016940 f   ConvexHullUtils.obj
 0001:00015c50       ?computeAABBExtent@Box@Gu@physx@@QEBA?AVPxVec3@3@XZ 0000000180016c50 f i ConvexHullUtils.obj
 0001:00015d10       ?computeBoxPoints@Box@Gu@physx@@QEBAXPEIAVPxVec3@3@@Z 0000000180016d10 f i ConvexHullUtils.obj
 0001:00015d50       ?computeOBBFromConvex@physx@@YA_NAEBVPxConvexMeshDesc@1@AEAVPxVec3@1@AEAVPxTransform@1@@Z 0000000180016d50 f   ConvexHullUtils.obj
 0001:00016440       ?computeOBBSIMD@local@@YAXIPEBT__m128@@AEAT2@AEBT2@1@Z 0000000180017440 f   ConvexHullUtils.obj
 0001:00016850       ?convexHullCrop@physx@@YAPEAVConvexHull@1@AEBV21@AEBVPxPlane@1@M@Z 0000000180017850 f   ConvexHullUtils.obj
 0001:000176d0       ?copy@?$Array@VPxPlane@physx@@VNamedAllocator@shdfnd@2@@shdfnd@physx@@KAXPEAVPxPlane@3@0PEBV43@@Z 00000001800186d0 f i ConvexHullUtils.obj
 0001:000177d0       ?findCandidatePlane@ConvexHull@physx@@QEBAHMM@Z 00000001800187d0 f   ConvexHullUtils.obj
 0001:00017c40       ?getInverse@PxMat33@physx@@QEBA?BV12@XZ 0000000180018c40 f i ConvexHullUtils.obj
 0001:00017e90       ?getTransform@Box@Gu@physx@@QEBA?AVPxTransform@3@XZ 0000000180018e90 f i ConvexHullUtils.obj
 0001:00017ef0       ?growAndPushBack@?$Array@VPxPlane@physx@@VNamedAllocator@shdfnd@2@@shdfnd@physx@@IEAAAEAVPxPlane@3@AEBV43@@Z 0000000180018ef0 f i ConvexHullUtils.obj
 0001:00017fe0       ?isValid@Box@Gu@physx@@QEBA_NXZ 0000000180018fe0 f i ConvexHullUtils.obj
 0001:00018000       ?maxNumVertsPerFace@ConvexHull@physx@@QEBAIXZ 0000000180019000 f   ConvexHullUtils.obj
 0001:00018070       ?recreate@?$Array@VPxPlane@physx@@VNamedAllocator@shdfnd@2@@shdfnd@physx@@IEAAXI@Z 0000000180019070 f i ConvexHullUtils.obj
 0001:00018110       ?resize@?$Array@VHalfEdge@ConvexHull@physx@@VNamedAllocator@shdfnd@3@@shdfnd@physx@@QEAAXIAEBVHalfEdge@ConvexHull@3@@Z 0000000180019110 f i ConvexHullUtils.obj
 0001:000181d0       ?resize@?$Array@VPxPlane@physx@@VNamedAllocator@shdfnd@2@@shdfnd@physx@@QEAAXIAEBVPxPlane@3@@Z 00000001800191d0 f i ConvexHullUtils.obj
 0001:000182f0       ?resize@?$Array@VPxVec3@physx@@VNamedAllocator@shdfnd@2@@shdfnd@physx@@QEAAXIAEBVPxVec3@3@@Z 00000001800192f0 f i ConvexHullUtils.obj
 0001:000183e0       ?rotate@Box@Gu@physx@@QEBA?AVPxVec3@3@AEBV43@@Z 00000001800193e0 f i ConvexHullUtils.obj
 0001:00018470       ?rotateInv@Box@Gu@physx@@QEBA?AVPxVec3@3@AEBV43@@Z 0000000180019470 f i ConvexHullUtils.obj
 0001:00018500       ?setAxes@Box@Gu@physx@@QEAAXAEBVPxVec3@3@00@Z 0000000180019500 f i ConvexHullUtils.obj
 0001:00018540       ?setEmpty@Box@Gu@physx@@QEAAXXZ 0000000180019540 f i ConvexHullUtils.obj
 0001:00018580       ?transform@Box@Gu@physx@@QEBA?AVPxVec3@3@AEBV43@@Z 0000000180019580 f i ConvexHullUtils.obj
 0001:00018620       ??0ConvexMeshBuilder@physx@@QEAA@_N@Z 0000000180019620 f   ConvexMeshBuilder.obj
 0001:00018680       ??1ConvexMeshBuilder@physx@@QEAA@XZ 0000000180019680 f   ConvexMeshBuilder.obj
 0001:00018ad0       ?build@ConvexMeshBuilder@physx@@QEAA_NAEBVPxConvexMeshDesc@2@I_NPEAVConvexHullLib@2@@Z 0000000180019ad0 f   ConvexMeshBuilder.obj
 0001:00018e00       ?computeHullPolygons@ConvexMeshBuilder@physx@@QEAA_NAEBIPEBVPxVec3@2@0PEBIAEAVPxAllocatorCallback@2@AEAIAEAPEAV32@4AEAPEAI4AEAPEAUPxHullPolygon@2@@Z 0000000180019e00 f   ConvexMeshBuilder.obj
 0001:00019020       ?computeMassInfo@ConvexMeshBuilder@physx@@QEAAX_N@Z 000000018001a020 f   ConvexMeshBuilder.obj
 0001:000193f0       ?copy@ConvexMeshBuilder@physx@@QEAA_NAEAUConvexHullInitData@Gu@2@@Z 000000018001a3f0 f   ConvexMeshBuilder.obj
 0001:00019510       ?isFinite@PxVec3@physx@@QEBA_NXZ 000000018001a510 f i ConvexMeshBuilder.obj
 0001:00019570       ?loadConvexHull@ConvexMeshBuilder@physx@@QEAA_NAEBVPxConvexMeshDesc@2@PEAVConvexHullLib@2@@Z 000000018001a570 f   ConvexMeshBuilder.obj
 0001:000197f0       ?save@ConvexMeshBuilder@physx@@QEBA_NAEAVPxOutputStream@2@_N@Z 000000018001a7f0 f   ConvexMeshBuilder.obj
 0001:00019a00       ??$copy@VNamedAllocator@shdfnd@physx@@@?$Array@VPair@@VNamedAllocator@shdfnd@physx@@@shdfnd@physx@@IEAAXAEBV012@@Z 000000018001aa00 f i ConvexPolygonsBuilder.obj
 0001:00019a80       ??0ConvexPolygonsBuilder@physx@@QEAA@PEAUConvexHullData@Gu@1@_N@Z 000000018001aa80 f   ConvexPolygonsBuilder.obj
 0001:00019aa0       ??1ConvexPolygonsBuilder@physx@@QEAA@XZ 000000018001aaa0 f   ConvexPolygonsBuilder.obj
 0001:0001a2f0       ?allocate@?$Array@VPair@@VNamedAllocator@shdfnd@physx@@@shdfnd@physx@@IEAAPEAVPair@@I@Z 000000018001b2f0 f i ConvexPolygonsBuilder.obj
 0001:0001aad0       ?computeHullPolygons@ConvexPolygonsBuilder@physx@@QEAA_NAEBIPEBVPxVec3@2@0PEBI@Z 000000018001bad0 f   ConvexPolygonsBuilder.obj
 0001:0001bb80       ?createPolygonData@ConvexPolygonsBuilder@physx@@AEAA_NXZ 000000018001cb80 f   ConvexPolygonsBuilder.obj
 0001:0001c7b0       ?createTrianglesFromPolygons@ConvexPolygonsBuilder@physx@@AEAA_NXZ 000000018001d7b0 f   ConvexPolygonsBuilder.obj
 0001:0001de80       ?growAndPushBack@?$Array@VPair@@VNamedAllocator@shdfnd@physx@@@shdfnd@physx@@IEAAAEAVPair@@AEBV4@@Z 000000018001ee80 f i ConvexPolygonsBuilder.obj
 0001:0001df70       ??0QuickHull@local@@QEAA@AEBUPxCookingParams@physx@@AEBVPxConvexMeshDesc@3@@Z 000000018001ef70 f   QuickHullConvexHullLib.obj
 0001:0001e160       ??0QuickHullConvexHullLib@physx@@QEAA@AEBVPxConvexMeshDesc@1@AEBUPxCookingParams@1@@Z 000000018001f160 f   QuickHullConvexHullLib.obj
 0001:0001e250       ??1?$MemBlock@UQuickHullHalfEdge@local@@$0A@@local@@QEAA@XZ 000000018001f250 f i QuickHullConvexHullLib.obj
 0001:0001e250       ??1?$MemBlock@UQuickHullFace@local@@$00@local@@QEAA@XZ 000000018001f250 f i QuickHullConvexHullLib.obj
 0001:0001e2d0       ??_GConvexHull@physx@@QEAAPEAXI@Z 000000018001f2d0 f i QuickHullConvexHullLib.obj
 0001:0001e3a0       ??_GQuickHull@local@@QEAAPEAXI@Z 000000018001f3a0 f i QuickHullConvexHullLib.obj
 0001:0001e540       ??_GQuickHullConvexHullLib@physx@@UEAAPEAXI@Z 000000018001f540 f i QuickHullConvexHullLib.obj
 0001:0001e540       ??_EQuickHullConvexHullLib@physx@@UEAAPEAXI@Z 000000018001f540 f i QuickHullConvexHullLib.obj
 0001:0001e630       ?addPointToHull@QuickHull@local@@IEAA_NPEBUQuickHullVertex@2@AEAUQuickHullFace@2@AEA_N@Z 000000018001f630 f   QuickHullConvexHullLib.obj
 0001:0001e900       ?addSimplex@QuickHull@local@@IEAAXPEAUQuickHullVertex@2@_N@Z 000000018001f900 f   QuickHullConvexHullLib.obj
 0001:0001edd0       ?buildHull@QuickHull@local@@QEAA?AW4Enum@QuickHullResult@2@XZ 000000018001fdd0 f   QuickHullConvexHullLib.obj
 0001:0001efe0       ?calculateHorizon@QuickHull@local@@IEAAXAEBVPxVec3@physx@@PEAUQuickHullHalfEdge@2@AEAUQuickHullFace@2@AEAV?$Array@PEAUQuickHullHalfEdge@local@@VNamedAllocator@shdfnd@physx@@@shdfnd@4@AEAV?$Array@PEAUQuickHullFace@local@@VNamedAllocator@shdfnd@physx@@@84@@Z 000000018001ffe0 f   QuickHullConvexHullLib.obj
 0001:0001f190       ?canMergeFaces@QuickHull@local@@IEAA_NAEBUQuickHullHalfEdge@2@@Z 0000000180020190 f   QuickHullConvexHullLib.obj
 0001:0001f9c0       ?cleanupForSimplex@QuickHullConvexHullLib@physx@@IEAA_NPEAVPxVec3@2@IPEAUQuickHullVertex@local@@1AEAM2@Z 00000001800209c0 f   QuickHullConvexHullLib.obj
 0001:00020590       ?computeMinMaxVerts@QuickHull@local@@IEAAXXZ 0000000180021590 f   QuickHullConvexHullLib.obj
 0001:00020960       ?connectHalfEdges@QuickHullFace@local@@AEAAPEAU12@PEAUQuickHullHalfEdge@2@0@Z 0000000180021960 f   QuickHullConvexHullLib.obj
 0001:00020cc0       ?copy@?$Array@UExpandPoint@local@@VNamedAllocator@shdfnd@physx@@@shdfnd@physx@@KAXPEAUExpandPoint@local@@0PEBU45@@Z 0000000180021cc0 f i QuickHullConvexHullLib.obj
 0001:00020d70       ?createConvexHull@QuickHullConvexHullLib@physx@@UEAA?AW4Enum@PxConvexMeshCookingResult@2@XZ 0000000180021d70 f   QuickHullConvexHullLib.obj
 0001:00021160       ?createEdgeList@QuickHullConvexHullLib@physx@@UEAA_NIPEBEPEAPEAEPEAPEAG2@Z 0000000180022160 f   QuickHullConvexHullLib.obj
 0001:00021390       ?createTriangle@QuickHull@local@@IEAAPEAUQuickHullFace@2@AEBUQuickHullVertex@2@00@Z 0000000180022390 f   QuickHullConvexHullLib.obj
 0001:00021720       ?doAdjacentMerge@QuickHull@local@@IEAA_NAEAUQuickHullFace@2@_NAEA_N@Z 0000000180022720 f   QuickHullConvexHullLib.obj
 0001:00021a60       ?expandHull@QuickHullConvexHullLib@physx@@IEAA?AW4Enum@PxConvexMeshCookingResult@2@XZ 0000000180022a60 f   QuickHullConvexHullLib.obj
 0001:000222c0       ?expandHullOBB@QuickHullConvexHullLib@physx@@IEAA?AW4Enum@PxConvexMeshCookingResult@2@XZ 00000001800232c0 f   QuickHullConvexHullLib.obj
 0001:000226f0       ?fillConvexMeshDesc@QuickHullConvexHullLib@physx@@UEAAXAEAVPxConvexMeshDesc@2@@Z 00000001800236f0 f   QuickHullConvexHullLib.obj
 0001:00022740       ?fillConvexMeshDescFromCroppedHull@QuickHullConvexHullLib@physx@@IEAAXAEAVPxConvexMeshDesc@2@@Z 0000000180023740 f   QuickHullConvexHullLib.obj
 0001:00022930       ?fillConvexMeshDescFromQuickHull@QuickHullConvexHullLib@physx@@IEAAXAEAVPxConvexMeshDesc@2@@Z 0000000180023930 f   QuickHullConvexHullLib.obj
 0001:00022ca0       ?findSimplex@QuickHull@local@@IEAA_NXZ 0000000180023ca0 f   QuickHullConvexHullLib.obj
 0001:00023950       ?getFreeItem@?$MemBlock@UQuickHullFace@local@@$00@local@@QEAAPEAUQuickHullFace@2@XZ 0000000180024950 f i QuickHullConvexHullLib.obj
 0001:00023a80       ?getFreeItem@?$MemBlock@UQuickHullHalfEdge@local@@$0A@@local@@QEAAPEAUQuickHullHalfEdge@2@XZ 0000000180024a80 f i QuickHullConvexHullLib.obj
 0001:00023b60       ?growAndPushBack@?$Array@PEAUQuickHullVertex@local@@VNamedAllocator@shdfnd@physx@@@shdfnd@physx@@IEAAAEAPEAUQuickHullVertex@local@@AEBQEAU45@@Z 0000000180024b60 f i QuickHullConvexHullLib.obj
 0001:00023b60       ?growAndPushBack@?$Array@PEAUQuickHullHalfEdge@local@@VNamedAllocator@shdfnd@physx@@@shdfnd@physx@@IEAAAEAPEAUQuickHullHalfEdge@local@@AEBQEAU45@@Z 0000000180024b60 f i QuickHullConvexHullLib.obj
 0001:00023b60       ?growAndPushBack@?$Array@PEAUQuickHullFace@local@@VNamedAllocator@shdfnd@physx@@@shdfnd@physx@@IEAAAEAPEAUQuickHullFace@local@@AEBQEAU45@@Z 0000000180024b60 f i QuickHullConvexHullLib.obj
 0001:00023c50       ?growAndPushBack@?$Array@UExpandPoint@local@@VNamedAllocator@shdfnd@physx@@@shdfnd@physx@@IEAAAEAUExpandPoint@local@@AEBU45@@Z 0000000180024c50 f i QuickHullConvexHullLib.obj
 0001:00023d90       ?init@?$MemBlock@UQuickHullFace@local@@$00@local@@QEAAXI@Z 0000000180024d90 f i QuickHullConvexHullLib.obj
 0001:00023e70       ?init@?$MemBlock@UQuickHullHalfEdge@local@@$0A@@local@@QEAAXI@Z 0000000180024e70 f i QuickHullConvexHullLib.obj
 0001:00023f10       ?mergeAdjacentFace@QuickHullFace@local@@QEAA_NPEAUQuickHullHalfEdge@2@AEAV?$Array@PEAUQuickHullFace@local@@VNamedAllocator@shdfnd@physx@@@shdfnd@physx@@@Z 0000000180024f10 f   QuickHullConvexHullLib.obj
 0001:00024360       ?nextPointToAdd@QuickHull@local@@IEAAPEAUQuickHullVertex@2@AEAPEAUQuickHullFace@2@@Z 0000000180025360 f   QuickHullConvexHullLib.obj
 0001:000244e0       ?parseInputVertices@QuickHull@local@@QEAAXPEBVPxVec3@physx@@I@Z 00000001800254e0 f   QuickHullConvexHullLib.obj
 0001:00024670       ?postMergeHull@QuickHull@local@@IEAAXXZ 0000000180025670 f   QuickHullConvexHullLib.obj
 0001:000248d0       ?preallocate@QuickHull@local@@QEAAXI@Z 00000001800258d0 f   QuickHullConvexHullLib.obj
 0001:00024a10       ?recreate@?$Array@PEAUQuickHullFace@local@@VNamedAllocator@shdfnd@physx@@@shdfnd@physx@@IEAAXI@Z 0000000180025a10 f i QuickHullConvexHullLib.obj
 0001:00024a10       ?recreate@?$Array@PEAUQuickHullVertex@local@@VNamedAllocator@shdfnd@physx@@@shdfnd@physx@@IEAAXI@Z 0000000180025a10 f i QuickHullConvexHullLib.obj
 0001:00024a10       ?recreate@?$Array@PEAUQuickHullHalfEdge@local@@VNamedAllocator@shdfnd@physx@@@shdfnd@physx@@IEAAXI@Z 0000000180025a10 f i QuickHullConvexHullLib.obj
 0001:00024ac0       ?recreate@?$Array@UExpandPoint@local@@VNamedAllocator@shdfnd@physx@@@shdfnd@physx@@IEAAXI@Z 0000000180025ac0 f i QuickHullConvexHullLib.obj
 0001:00024b60       ?resolveUnclaimedPoints@QuickHull@local@@IEAAXAEBV?$Array@PEAUQuickHullFace@local@@VNamedAllocator@shdfnd@physx@@@shdfnd@physx@@@Z 0000000180025b60 f   QuickHullConvexHullLib.obj
 0001:00025860       ?computeVolumeIntegralsEberly@physx@@YA_NAEBVPxConvexMeshDesc@1@MAEAUPxIntegrals@1@AEBVPxVec3@1@@Z 0000000180026860 f   VolumeIntegration.obj
 0001:000258a0       ?computeVolumeIntegralsEberlySIMD@physx@@YA_NAEBVPxConvexMeshDesc@1@MAEAUPxIntegrals@1@AEBVPxVec3@1@@Z 00000001800268a0 f   VolumeIntegration.obj
 0001:00025ee0       ?cookingDelayHook@@YAP6A_JXZIPEAUDelayLoadInfo@@@Z 0000000180026ee0 f   WindowsCookingDelayLoadHook.obj
 0001:00025fc0       PxSetPhysXCookingDelayLoadHook 0000000180026fc0 f   WindowsCookingDelayLoadHook.obj
 0001:00025fc8       __imp_load_??0RadixSortBuffered@Cm@physx@@QEAA@XZ 0000000180026fc8 f   PhysXCommon_64:PhysXCommon_64.dll
 0001:00025fd4       ??0RadixSortBuffered@Cm@physx@@QEAA@XZ 0000000180026fd4 f   PhysXCommon_64:PhysXCommon_64.dll
 0001:00025fda       __tailMerge_physxcommon_64_dll 0000000180026fda     PhysXCommon_64:PhysXCommon_64.dll
 0001:00026053       __imp_load_??1RadixSortBuffered@Cm@physx@@UEAA@XZ 0000000180027053 f   PhysXCommon_64:PhysXCommon_64.dll
 0001:0002605f       ??1RadixSortBuffered@Cm@physx@@UEAA@XZ 000000018002705f f   PhysXCommon_64:PhysXCommon_64.dll
 0001:00026065       __imp_load_?Sort@RadixSortBuffered@Cm@physx@@QEAAAEAV123@PEBIIW4RadixHint@23@@Z 0000000180027065 f   PhysXCommon_64:PhysXCommon_64.dll
 0001:00026071       ?Sort@RadixSortBuffered@Cm@physx@@QEAAAEAV123@PEBIIW4RadixHint@23@@Z 0000000180027071 f   PhysXCommon_64:PhysXCommon_64.dll
 0001:00026077       __imp_load_??0HeightField@Gu@physx@@QEAA@PEAVGuMeshFactory@2@@Z 0000000180027077 f   PhysXCommon_64:PhysXCommon_64.dll
 0001:00026083       ??0HeightField@Gu@physx@@QEAA@PEAVGuMeshFactory@2@@Z 0000000180027083 f   PhysXCommon_64:PhysXCommon_64.dll
 0001:00026089       __imp_load_?loadFromDesc@HeightField@Gu@physx@@QEAA_NAEBVPxHeightFieldDesc@3@@Z 0000000180027089 f   PhysXCommon_64:PhysXCommon_64.dll
 0001:00026095       ?loadFromDesc@HeightField@Gu@physx@@QEAA_NAEBVPxHeightFieldDesc@3@@Z 0000000180027095 f   PhysXCommon_64:PhysXCommon_64.dll
 0001:0002609b       __imp_load_?computeCellCoordinates@HeightField@Gu@physx@@QEBAIMMAEAM0@Z 000000018002709b f   PhysXCommon_64:PhysXCommon_64.dll
 0001:000260a7       ?computeCellCoordinates@HeightField@Gu@physx@@QEBAIMMAEAM0@Z 00000001800270a7 f   PhysXCommon_64:PhysXCommon_64.dll
 0001:000260ad       __imp_load_?releaseMemory@HeightField@Gu@physx@@QEAAXXZ 00000001800270ad f   PhysXCommon_64:PhysXCommon_64.dll
 0001:000260b9       ?releaseMemory@HeightField@Gu@physx@@QEAAXXZ 00000001800270b9 f   PhysXCommon_64:PhysXCommon_64.dll
 0001:000260bf       __imp_load_??1HeightField@Gu@physx@@UEAA@XZ 00000001800270bf f   PhysXCommon_64:PhysXCommon_64.dll
 0001:000260cb       ??1HeightField@Gu@physx@@UEAA@XZ 00000001800270cb f   PhysXCommon_64:PhysXCommon_64.dll
 0001:000260d1       __imp_load_??0NodeAllocator@Gu@physx@@QEAA@XZ 00000001800270d1 f   PhysXCommon_64:PhysXCommon_64.dll
 0001:000260dd       ??0NodeAllocator@Gu@physx@@QEAA@XZ 00000001800270dd f   PhysXCommon_64:PhysXCommon_64.dll
 0001:000260e3       __imp_load_??1NodeAllocator@Gu@physx@@QEAA@XZ 00000001800270e3 f   PhysXCommon_64:PhysXCommon_64.dll
 0001:000260ef       ??1NodeAllocator@Gu@physx@@QEAA@XZ 00000001800270ef f   PhysXCommon_64:PhysXCommon_64.dll
 0001:000260f5       __imp_load_?release@NodeAllocator@Gu@physx@@QEAAXXZ 00000001800270f5 f   PhysXCommon_64:PhysXCommon_64.dll
 0001:00026101       ?release@NodeAllocator@Gu@physx@@QEAAXXZ 0000000180027101 f   PhysXCommon_64:PhysXCommon_64.dll
 0001:00026107       __imp_load_?buildAABBTree@Gu@physx@@YA_NAEAVAABBTreeBuildParams@12@AEAVNodeAllocator@12@AEAUBuildStats@12@AEAPEAI@Z 0000000180027107 f   PhysXCommon_64:PhysXCommon_64.dll
 0001:00026113       ?buildAABBTree@Gu@physx@@YA_NAEAVAABBTreeBuildParams@12@AEAVNodeAllocator@12@AEAUBuildStats@12@AEAPEAI@Z 0000000180027113 f   PhysXCommon_64:PhysXCommon_64.dll
 0001:00026119       __imp_load_?writeDword@physx@@YAXI_NAEAVPxOutputStream@1@@Z 0000000180027119 f   PhysXCommon_64:PhysXCommon_64.dll
 0001:00026125       ?writeDword@physx@@YAXI_NAEAVPxOutputStream@1@@Z 0000000180027125 f   PhysXCommon_64:PhysXCommon_64.dll
 0001:0002612b       __imp_load_?writeFloatBuffer@physx@@YAXPEBMI_NAEAVPxOutputStream@1@@Z 000000018002712b f   PhysXCommon_64:PhysXCommon_64.dll
 0001:00026137       ?writeFloatBuffer@physx@@YAXPEBMI_NAEAVPxOutputStream@1@@Z 0000000180027137 f   PhysXCommon_64:PhysXCommon_64.dll
 0001:0002613d       __imp_load_?writeHeader@physx@@YA_NCCCCI_NAEAVPxOutputStream@1@@Z 000000018002713d f   PhysXCommon_64:PhysXCommon_64.dll
 0001:00026149       ?writeHeader@physx@@YA_NCCCCI_NAEAVPxOutputStream@1@@Z 0000000180027149 f   PhysXCommon_64:PhysXCommon_64.dll
 0001:0002614f       __imp_load_?writeWord@physx@@YAXG_NAEAVPxOutputStream@1@@Z 000000018002714f f   PhysXCommon_64:PhysXCommon_64.dll
 0001:0002615b       ?writeWord@physx@@YAXG_NAEAVPxOutputStream@1@@Z 000000018002715b f   PhysXCommon_64:PhysXCommon_64.dll
 0001:00026161       __imp_load_?writeFloat@physx@@YAXM_NAEAVPxOutputStream@1@@Z 0000000180027161 f   PhysXCommon_64:PhysXCommon_64.dll
 0001:0002616d       ?writeFloat@physx@@YAXM_NAEAVPxOutputStream@1@@Z 000000018002716d f   PhysXCommon_64:PhysXCommon_64.dll
 0001:00026173       __imp_load_?computeBoundsAroundVertices@Gu@physx@@YAXAEAVPxBounds3@2@IPEIBVPxVec3@2@@Z 0000000180027173 f   PhysXCommon_64:PhysXCommon_64.dll
 0001:0002617f       ?computeBoundsAroundVertices@Gu@physx@@YAXAEAVPxBounds3@2@IPEIBVPxVec3@2@@Z 000000018002717f f   PhysXCommon_64:PhysXCommon_64.dll
 0001:00026185       __imp_load_??0SourceMesh@Gu@physx@@QEAA@XZ 0000000180027185 f   PhysXCommon_64:PhysXCommon_64.dll
 0001:00026191       ??0SourceMesh@Gu@physx@@QEAA@XZ 0000000180027191 f   PhysXCommon_64:PhysXCommon_64.dll
 0001:00026197       __imp_load_??1SourceMesh@Gu@physx@@QEAA@XZ 0000000180027197 f   PhysXCommon_64:PhysXCommon_64.dll
 0001:000261a3       ??1SourceMesh@Gu@physx@@QEAA@XZ 00000001800271a3 f   PhysXCommon_64:PhysXCommon_64.dll
 0001:000261a9       __imp_load_??0BV4Tree@Gu@physx@@QEAA@XZ 00000001800271a9 f   PhysXCommon_64:PhysXCommon_64.dll
 0001:000261b5       ??0BV4Tree@Gu@physx@@QEAA@XZ 00000001800271b5 f   PhysXCommon_64:PhysXCommon_64.dll
 0001:000261bb       __imp_load_??1BV4Tree@Gu@physx@@QEAA@XZ 00000001800271bb f   PhysXCommon_64:PhysXCommon_64.dll
 0001:000261c7       ??1BV4Tree@Gu@physx@@QEAA@XZ 00000001800271c7 f   PhysXCommon_64:PhysXCommon_64.dll
 0001:000261cd       __imp_load_??0BV32Tree@Gu@physx@@QEAA@XZ 00000001800271cd f   PhysXCommon_64:PhysXCommon_64.dll
 0001:000261d9       ??0BV32Tree@Gu@physx@@QEAA@XZ 00000001800271d9 f   PhysXCommon_64:PhysXCommon_64.dll
 0001:000261df       __imp_load_??1BV32Tree@Gu@physx@@QEAA@XZ 00000001800271df f   PhysXCommon_64:PhysXCommon_64.dll
 0001:000261eb       ??1BV32Tree@Gu@physx@@QEAA@XZ 00000001800271eb f   PhysXCommon_64:PhysXCommon_64.dll
 0001:000261f1       __imp_load_?writeWordBuffer@physx@@YAXPEBGI_NAEAVPxOutputStream@1@@Z 00000001800271f1 f   PhysXCommon_64:PhysXCommon_64.dll
 0001:000261fd       ?writeWordBuffer@physx@@YAXPEBGI_NAEAVPxOutputStream@1@@Z 00000001800271fd f   PhysXCommon_64:PhysXCommon_64.dll
 0001:00026203       __imp_load_?computeMaxIndex@physx@@YAIPEBII@Z 0000000180027203 f   PhysXCommon_64:PhysXCommon_64.dll
 0001:0002620f       ?computeMaxIndex@physx@@YAIPEBII@Z 000000018002720f f   PhysXCommon_64:PhysXCommon_64.dll
 0001:00026215       __imp_load_?storeIndices@physx@@YAXIIPEBIAEAVPxOutputStream@1@_N@Z 0000000180027215 f   PhysXCommon_64:PhysXCommon_64.dll
 0001:00026221       ?storeIndices@physx@@YAXIIPEBIAEAVPxOutputStream@1@_N@Z 0000000180027221 f   PhysXCommon_64:PhysXCommon_64.dll
 0001:00026227       __imp_load_?BuildBV4Ex@Gu@physx@@YA_NAEAVBV4Tree@12@AEAVSourceMesh@12@MI@Z 0000000180027227 f   PhysXCommon_64:PhysXCommon_64.dll
 0001:00026233       ?BuildBV4Ex@Gu@physx@@YA_NAEAVBV4Tree@12@AEAVSourceMesh@12@MI@Z 0000000180027233 f   PhysXCommon_64:PhysXCommon_64.dll
 0001:00026239       __imp_load_?BuildBV32Ex@Gu@physx@@YA_NAEAVBV32Tree@12@AEAVSourceMesh@12@MI@Z 0000000180027239 f   PhysXCommon_64:PhysXCommon_64.dll
 0001:00026245       ?BuildBV32Ex@Gu@physx@@YA_NAEAVBV32Tree@12@AEAVSourceMesh@12@MI@Z 0000000180027245 f   PhysXCommon_64:PhysXCommon_64.dll
 0001:0002624b       __imp_load_?computeMaxIndex@physx@@YAGPEBGI@Z 000000018002724b f   PhysXCommon_64:PhysXCommon_64.dll
 0001:00026257       ?computeMaxIndex@physx@@YAGPEBGI@Z 0000000180027257 f   PhysXCommon_64:PhysXCommon_64.dll
 0001:0002625d       __imp_load_?WriteHeader@Gu@physx@@YA_NEEEEI_NAEAVPxOutputStream@2@@Z 000000018002725d f   PhysXCommon_64:PhysXCommon_64.dll
 0001:00026269       ?WriteHeader@Gu@physx@@YA_NEEEEI_NAEAVPxOutputStream@2@@Z 0000000180027269 f   PhysXCommon_64:PhysXCommon_64.dll
 0001:0002626f       __imp_load_?StoreIndices@Gu@physx@@YAXGIPEBGAEAVPxOutputStream@2@_N@Z 000000018002726f f   PhysXCommon_64:PhysXCommon_64.dll
 0001:0002627b       ?StoreIndices@Gu@physx@@YAXGIPEBGAEAVPxOutputStream@2@_N@Z 000000018002727b f   PhysXCommon_64:PhysXCommon_64.dll
 0001:00026281       __imp_load_?CreateOffsets@BigConvexData@physx@@IEAAXXZ 0000000180027281 f   PhysXCommon_64:PhysXCommon_64.dll
 0001:0002628d       ?CreateOffsets@BigConvexData@physx@@IEAAXXZ 000000018002728d f   PhysXCommon_64:PhysXCommon_64.dll
 0001:00026293       __imp_load_?computeOBBPoints@Gu@physx@@YAXPEIAVPxVec3@2@AEBV32@1111@Z 0000000180027293 f   PhysXCommon_64:PhysXCommon_64.dll
 0001:0002629f       ?computeOBBPoints@Gu@physx@@YAXPEIAVPxVec3@2@AEBV32@1111@Z 000000018002729f f   PhysXCommon_64:PhysXCommon_64.dll
 0001:000262a5       __imp_load_??0BigConvexData@physx@@QEAA@XZ 00000001800272a5 f   PhysXCommon_64:PhysXCommon_64.dll
 0001:000262b1       ??0BigConvexData@physx@@QEAA@XZ 00000001800272b1 f   PhysXCommon_64:PhysXCommon_64.dll
 0001:000262b7       __imp_load_??1BigConvexData@physx@@QEAA@XZ 00000001800272b7 f   PhysXCommon_64:PhysXCommon_64.dll
 0001:000262c3       ??1BigConvexData@physx@@QEAA@XZ 00000001800272c3 f   PhysXCommon_64:PhysXCommon_64.dll
 0001:000262c9       __imp_load_PxGetFoundation 00000001800272c9 f   PhysXFoundation_64:PhysXFoundation_64.dll
 0001:000262d5       PxGetFoundation            00000001800272d5 f   PhysXFoundation_64:PhysXFoundation_64.dll
 0001:000262db       __tailMerge_physxfoundation_64_dll 00000001800272db     PhysXFoundation_64:PhysXFoundation_64.dll
 0001:00026354       __imp_load_?getAllocator@shdfnd@physx@@YAAEAVPxAllocatorCallback@2@XZ 0000000180027354 f   PhysXFoundation_64:PhysXFoundation_64.dll
 0001:00026360       ?getAllocator@shdfnd@physx@@YAAEAVPxAllocatorCallback@2@XZ 0000000180027360 f   PhysXFoundation_64:PhysXFoundation_64.dll
 0001:00026366       __imp_load_??0NamedAllocator@shdfnd@physx@@QEAA@PEBD@Z 0000000180027366 f   PhysXFoundation_64:PhysXFoundation_64.dll
 0001:00026372       ??0NamedAllocator@shdfnd@physx@@QEAA@PEBD@Z 0000000180027372 f   PhysXFoundation_64:PhysXFoundation_64.dll
 0001:00026378       __imp_load_?getInstance@Foundation@shdfnd@physx@@SAAEAV123@XZ 0000000180027378 f   PhysXFoundation_64:PhysXFoundation_64.dll
 0001:00026384       ?getInstance@Foundation@shdfnd@physx@@SAAEAV123@XZ 0000000180027384 f   PhysXFoundation_64:PhysXFoundation_64.dll
 0001:0002638a       __imp_load_?error@Foundation@shdfnd@physx@@QEAAXW4Enum@PxErrorCode@3@PEBDH1ZZ 000000018002738a f   PhysXFoundation_64:PhysXFoundation_64.dll
 0001:00026396       ?error@Foundation@shdfnd@physx@@QEAAXW4Enum@PxErrorCode@3@PEBDH1ZZ 0000000180027396 f   PhysXFoundation_64:PhysXFoundation_64.dll
 0001:0002639c       __imp_load_?allocate@NamedAllocator@shdfnd@physx@@QEAAPEAX_KPEBDH@Z 000000018002739c f   PhysXFoundation_64:PhysXFoundation_64.dll
 0001:000263a8       ?allocate@NamedAllocator@shdfnd@physx@@QEAAPEAX_KPEBDH@Z 00000001800273a8 f   PhysXFoundation_64:PhysXFoundation_64.dll
 0001:000263ae       __imp_load_?deallocate@NamedAllocator@shdfnd@physx@@QEAAXPEAX@Z 00000001800273ae f   PhysXFoundation_64:PhysXFoundation_64.dll
 0001:000263ba       ?deallocate@NamedAllocator@shdfnd@physx@@QEAAXPEAX@Z 00000001800273ba f   PhysXFoundation_64:PhysXFoundation_64.dll
 0001:000263c0       __imp_load_?incRefCount@Foundation@shdfnd@physx@@SAXXZ 00000001800273c0 f   PhysXFoundation_64:PhysXFoundation_64.dll
 0001:000263cc       ?incRefCount@Foundation@shdfnd@physx@@SAXXZ 00000001800273cc f   PhysXFoundation_64:PhysXFoundation_64.dll
 0001:000263d2       __imp_load_?decRefCount@Foundation@shdfnd@physx@@SAXXZ 00000001800273d2 f   PhysXFoundation_64:PhysXFoundation_64.dll
 0001:000263de       ?decRefCount@Foundation@shdfnd@physx@@SAXXZ 00000001800273de f   PhysXFoundation_64:PhysXFoundation_64.dll
 0001:000263e4       __imp_load_??0FPUGuard@shdfnd@physx@@QEAA@XZ 00000001800273e4 f   PhysXFoundation_64:PhysXFoundation_64.dll
 0001:000263f0       ??0FPUGuard@shdfnd@physx@@QEAA@XZ 00000001800273f0 f   PhysXFoundation_64:PhysXFoundation_64.dll
 0001:000263f6       __imp_load_??1FPUGuard@shdfnd@physx@@QEAA@XZ 00000001800273f6 f   PhysXFoundation_64:PhysXFoundation_64.dll
 0001:00026402       ??1FPUGuard@shdfnd@physx@@QEAA@XZ 0000000180027402 f   PhysXFoundation_64:PhysXFoundation_64.dll
 0001:00026408       __imp_load_??1NamedAllocator@shdfnd@physx@@QEAA@XZ 0000000180027408 f   PhysXFoundation_64:PhysXFoundation_64.dll
 0001:00026414       ??1NamedAllocator@shdfnd@physx@@QEAA@XZ 0000000180027414 f   PhysXFoundation_64:PhysXFoundation_64.dll
 0001:0002641a       __imp_load_??0NamedAllocator@shdfnd@physx@@QEAA@AEBV012@@Z 000000018002741a f   PhysXFoundation_64:PhysXFoundation_64.dll
 0001:00026426       ??0NamedAllocator@shdfnd@physx@@QEAA@AEBV012@@Z 0000000180027426 f   PhysXFoundation_64:PhysXFoundation_64.dll
 0001:0002642c       __imp_load_?allocate@TempAllocator@shdfnd@physx@@QEAAPEAX_KPEBDH@Z 000000018002742c f   PhysXFoundation_64:PhysXFoundation_64.dll
 0001:00026438       ?allocate@TempAllocator@shdfnd@physx@@QEAAPEAX_KPEBDH@Z 0000000180027438 f   PhysXFoundation_64:PhysXFoundation_64.dll
 0001:0002643e       __imp_load_?deallocate@TempAllocator@shdfnd@physx@@QEAAXPEAX@Z 000000018002743e f   PhysXFoundation_64:PhysXFoundation_64.dll
 0001:0002644a       ?deallocate@TempAllocator@shdfnd@physx@@QEAAXPEAX@Z 000000018002744a f   PhysXFoundation_64:PhysXFoundation_64.dll
 0001:00026450       __imp_load_?PxDiagonalize@physx@@YA?AVPxVec3@1@AEBVPxMat33@1@AEAVPxQuat@1@@Z 0000000180027450 f   PhysXFoundation_64:PhysXFoundation_64.dll
 0001:0002645c       ?PxDiagonalize@physx@@YA?AVPxVec3@1@AEBVPxMat33@1@AEAVPxQuat@1@@Z 000000018002745c f   PhysXFoundation_64:PhysXFoundation_64.dll
 0001:00026464       ?DloadAcquireSectionWriteAccess@@YAXXZ 0000000180027464 f i Delayimp:delayhlp.obj
 0001:00026510       ?DloadGetSRWLockFunctionPointers@@YAEXZ 0000000180027510 f i Delayimp:delayhlp.obj
 0001:000265ac       ?DloadMakePermanentImageCommit@@YAXPEAX_K@Z 00000001800275ac f i Delayimp:delayhlp.obj
 0001:00026644       ?DloadObtainSection@@YAPEAXPEAK0@Z 0000000180027644 f i Delayimp:delayhlp.obj
 0001:000266e0       ?DloadProtectSection@@YAXKPEAK@Z 00000001800276e0 f i Delayimp:delayhlp.obj
 0001:00026770       ?DloadReleaseSectionWriteAccess@@YAXXZ 0000000180027770 f i Delayimp:delayhlp.obj
 0001:00026804       __delayLoadHelper2         0000000180027804 f   Delayimp:delayhlp.obj
 0001:00026ad8       ??_V@YAXPEAX@Z             0000000180027ad8 f   LIBCMT:delete_array.obj
 0001:00026ad8       ??3@YAXPEAX_K@Z            0000000180027ad8 f   LIBCMT:delete_scalar_size.obj
 0001:00026ae0       ??_Etype_info@@UEAAPEAXI@Z 0000000180027ae0 f i LIBCMT:std_type_info_static.obj
 0001:00026ae0       ??_Gtype_info@@UEAAPEAXI@Z 0000000180027ae0 f i LIBCMT:std_type_info_static.obj
 0001:00026b0c       ?__scrt_initialize_type_info@@YAXXZ 0000000180027b0c f   LIBCMT:tncleanup.obj
 0001:00026b1c       ?__scrt_uninitialize_type_info@@YAXXZ 0000000180027b1c f   LIBCMT:tncleanup.obj
 0001:00026b40       __chkstk                   0000000180027b40 f   LIBCMT:chkstk.obj
 0001:00026b40       _alloca_probe              0000000180027b40 f   LIBCMT:chkstk.obj
 0001:00026b90       ??3@YAXPEAX@Z              0000000180027b90 f   LIBCMT:delete_scalar.obj
 0001:00026ba0       __vdecl_sinf4              0000000180027ba0 f   LIBCMT:svml_ssinf4_dispatch.obj
 0001:00026bc0       __libm_sse2_sincosf_       0000000180027bc0 f   LIBCMT:svml_ssinf4_dispatch.obj
 0001:00026c03       __libm_sse2_sincosf4_      0000000180027c03 f   LIBCMT:svml_ssinf4_dispatch.obj
 0001:00026f30       _DllMainCRTStartup         0000000180027f30 f   LIBCMT:dll_dllmain.obj
 0001:00026f70       __isa_available_init       0000000180027f70 f   LIBCMT:cpu_disp.obj
 0001:00027120       __sse2_sinf4@@16           0000000180028120 f   LIBCMT:svml_ssinf4_sse2.obj
 0001:00027a60       __sse4_sinf4@@16           0000000180028a60 f   LIBCMT:svml_ssinf4_sse4.obj
 0001:000281d4       __security_init_cookie     00000001800291d4 f   LIBCMT:gs_support.obj
 0001:00028280       __local_stdio_printf_options 0000000180029280 f i LIBCMT:default_local_stdio_options.obj
 0001:00028288       __local_stdio_scanf_options 0000000180029288 f i LIBCMT:default_local_stdio_options.obj
 0001:00028290       __scrt_initialize_default_local_stdio_options 0000000180029290 f   LIBCMT:default_local_stdio_options.obj
 0001:000282ac       __scrt_acquire_startup_lock 00000001800292ac f   LIBCMT:utility.obj
 0001:000282e8       __scrt_dllmain_after_initialize_c 00000001800292e8 f   LIBCMT:utility.obj
 0001:0002831c       __scrt_dllmain_before_initialize_c 000000018002931c f   LIBCMT:utility.obj
 0001:00028334       __scrt_dllmain_crt_thread_attach 0000000180029334 f   LIBCMT:utility.obj
 0001:0002835c       __scrt_dllmain_crt_thread_detach 000000018002935c f   LIBCMT:utility.obj
 0001:00028374       __scrt_dllmain_exception_filter 0000000180029374 f   LIBCMT:utility.obj
 0001:000283d4       __scrt_dllmain_uninitialize_c 00000001800293d4 f   LIBCMT:utility.obj
 0001:00028404       __scrt_dllmain_uninitialize_critical 0000000180029404 f   LIBCMT:utility.obj
 0001:00028418       __scrt_initialize_crt      0000000180029418 f   LIBCMT:utility.obj
 0001:00028464       __scrt_initialize_onexit_tables 0000000180029464 f   LIBCMT:utility.obj
 0001:000284f0       __scrt_is_nonwritable_in_current_image 00000001800294f0 f   LIBCMT:utility.obj
 0001:00028588       __scrt_release_startup_lock 0000000180029588 f   LIBCMT:utility.obj
 0001:000285ac       __scrt_uninitialize_crt    00000001800295ac f   LIBCMT:utility.obj
 0001:000285d8       __scrt_get_dyn_tls_init_callback 00000001800295d8 f   LIBCMT:dyn_tls_init.obj
 0001:000285e0       __crt_debugger_hook        00000001800295e0 f   LIBCMT:utility_desktop.obj
 0001:000285e8       __scrt_fastfail            00000001800295e8 f   LIBCMT:utility_desktop.obj
 0001:00028734       _RTC_Initialize            0000000180029734 f   LIBCMT:initsect.obj
 0001:00028770       _RTC_Terminate             0000000180029770 f   LIBCMT:initsect.obj
 0001:000287b0       __common_ssin_cout_rare    00000001800297b0 f   LIBCMT:svml_s_sin_cout.obj
 0001:00028820       __scrt_is_ucrt_dll_in_use  0000000180029820 f   LIBCMT:ucrt_detection.obj
 0001:0002882c       _get_purecall_handler      000000018002982c f   libvcruntime:purevirt.obj
 0001:00028838       _purecall                  0000000180029838 f   libvcruntime:purevirt.obj
 0001:0002885c       __std_type_info_compare    000000018002985c f   libvcruntime:std_type_info.obj
 0001:00028884       __std_type_info_destroy_list 0000000180029884 f   libvcruntime:std_type_info.obj
 0001:000288b0       __std_type_info_name       00000001800298b0 f   libvcruntime:std_type_info.obj
 0001:000289e0       memset_repmovs             00000001800299e0 f   libvcruntime:memset.obj
 0001:00028a00       memset                     0000000180029a00 f   libvcruntime:memset.obj
 0001:00028ba0       memcpy_repmovs             0000000180029ba0 f   libvcruntime:memcpy.obj
 0001:00028bc0       memcpy                     0000000180029bc0 f   libvcruntime:memcpy.obj
 0001:00028bc0       memmove                    0000000180029bc0 f   libvcruntime:memcpy.obj
 0001:00029238       strstr                     000000018002a238 f   libvcruntime:strstr.obj
 0001:00029434       __C_specific_handler       000000018002a434 f   libvcruntime:riscchandler.obj
 0001:00029640       __vcrt_initialize          000000018002a640 f   libvcruntime:initialization.obj
 0001:00029668       __vcrt_thread_attach       000000018002a668 f   libvcruntime:initialization.obj
 0001:0002967c       __vcrt_thread_detach       000000018002a67c f   libvcruntime:initialization.obj
 0001:00029690       __vcrt_uninitialize        000000018002a690 f   libvcruntime:initialization.obj
 0001:000296ac       __vcrt_uninitialize_critical 000000018002a6ac f   libvcruntime:initialization.obj
 0001:000296bc       __DestructExceptionObject  000000018002a6bc f   libvcruntime:ehhelpers.obj
 0001:0002972c       ?_CallMemberFunction0@@YAXQEAX0@Z 000000018002a72c f i libvcruntime:ehhelpers.obj
 0001:00029730       _IsExceptionObjectToBeDestroyed 000000018002a730 f   libvcruntime:ehhelpers.obj
 0001:00029760       __AdjustPointer            000000018002a760 f   libvcruntime:ehhelpers.obj
 0001:00029784       __FrameUnwindFilter        000000018002a784 f   libvcruntime:ehhelpers.obj
 0001:000297ec       __std_terminate            000000018002a7ec f   libvcruntime:ehhelpers.obj
 0001:000297f8       ??$?0$00@DName@@QEAA@PEBDU?$StringLifeSelector@$00@@@Z 000000018002a7f8 f i libvcruntime:undname.obj
 0001:00029838       ??$?0$0A@@DName@@QEAA@PEBDU?$StringLifeSelector@$0A@@@@Z 000000018002a838 f i libvcruntime:undname.obj
 0001:00029838       ??$?0$01@DName@@QEAA@PEBDU?$StringLifeSelector@$01@@@Z 000000018002a838 f i libvcruntime:undname.obj
 0001:00029878       ??$?0$0A@@pcharNode@@QEAA@PEBDHU?$StringLifeSelector@$0A@@@@Z 000000018002a878 f i libvcruntime:undname.obj
 0001:00029878       ??$?0$01@pcharNode@@QEAA@PEBDHU?$StringLifeSelector@$01@@@Z 000000018002a878 f i libvcruntime:undname.obj
 0001:000298ec       ??$append@VDNameNode@@@DName@@AEAAXPEBVDNameNode@@@Z 000000018002a8ec f i libvcruntime:undname.obj
 0001:000298ec       ??$append@VcharNode@@@DName@@AEAAXPEBVcharNode@@@Z 000000018002a8ec f i libvcruntime:undname.obj
 0001:000298ec       ??$append@VpcharNode@@@DName@@AEAAXPEBVpcharNode@@@Z 000000018002a8ec f i libvcruntime:undname.obj
 0001:000298ec       ??$append@VDNameStatusNode@@@DName@@AEAAXPEBVDNameStatusNode@@@Z 000000018002a8ec f i libvcruntime:undname.obj
 0001:00029950       ??$doPchar@$00@DName@@AEAAXPEBDH@Z 000000018002a950 f i libvcruntime:undname.obj
 0001:000299f4       ??$doPchar@$0A@@DName@@AEAAXPEBDH@Z 000000018002a9f4 f i libvcruntime:undname.obj
 0001:000299f4       ??$doPchar@$01@DName@@AEAAXPEBDH@Z 000000018002a9f4 f i libvcruntime:undname.obj
 0001:00029a8c       ??0DName@@QEAA@AEAPEBDD@Z  000000018002aa8c f   libvcruntime:undname.obj
 0001:00029b3c       ??0DName@@QEAA@AEBUStringLiteral@@@Z 000000018002ab3c f   libvcruntime:undname.obj
 0001:00029b68       ??0DName@@QEAA@PEAV0@@Z    000000018002ab68 f   libvcruntime:undname.obj
 0001:00029bec       ??0DName@@QEAA@_J@Z        000000018002abec f   libvcruntime:undname.obj
 0001:00029c94       ??0DName@@QEAA@_K@Z        000000018002ac94 f   libvcruntime:undname.obj
 0001:00029d24       ??2@YAPEAX_KAEAV_HeapManager@@H@Z 000000018002ad24 f   libvcruntime:undname.obj
 0001:00029d50       ??AReplicator@@QEBA?AVDName@@H@Z 000000018002ad50 f   libvcruntime:undname.obj
 0001:00029d90       ??HDName@@QEBA?AV0@AEBUStringLiteral@@@Z 000000018002ad90 f   libvcruntime:undname.obj
 0001:00029dbc       ??HDName@@QEBA?AV0@AEBV0@@Z 000000018002adbc f   libvcruntime:undname.obj
 0001:00029de8       ??HDName@@QEBA?AV0@D@Z     000000018002ade8 f   libvcruntime:undname.obj
 0001:00029e14       ??HDName@@QEBA?AV0@W4DNameStatus@@@Z 000000018002ae14 f   libvcruntime:undname.obj
 0001:00029e40       ??YDName@@QEAAAEAV0@AEBUStringLiteral@@@Z 000000018002ae40 f   libvcruntime:undname.obj
 0001:00029ec0       ??YDName@@QEAAAEAV0@AEBV0@@Z 000000018002aec0 f   libvcruntime:undname.obj
 0001:00029f74       ??YDName@@QEAAAEAV0@D@Z    000000018002af74 f   libvcruntime:undname.obj
 0001:00029fe0       ??YDName@@QEAAAEAV0@W4DNameStatus@@@Z 000000018002afe0 f   libvcruntime:undname.obj
 0001:0002a04c       ??YReplicator@@QEAAAEAV0@AEBVDName@@@Z 000000018002b04c f   libvcruntime:undname.obj
 0001:0002a0a4       ?UScore@UnDecorator@@SA?AUStringLiteral@@W4Tokens@@@Z 000000018002b0a4 f   libvcruntime:undname.obj
 0001:0002a0f0       ?composeDeclaration@UnDecorator@@CA?AVDName@@AEBV2@@Z 000000018002b0f0 f i libvcruntime:undname.obj
 0001:0002af98       ?doPchar@DName@@AEAAXD@Z   000000018002bf98 f   libvcruntime:undname.obj
 0001:0002afe8       ?getAddressOf@UnDecorator@@CA?AVDName@@XZ 000000018002bfe8 f   libvcruntime:undname.obj
 0001:0002b078       ?getArgumentList@UnDecorator@@CA?AVDName@@XZ 000000018002c078 f   libvcruntime:undname.obj
 0001:0002b20c       ?getArgumentTypes@UnDecorator@@CA?AVDName@@XZ 000000018002c20c f   libvcruntime:undname.obj
 0001:0002b358       ?getArrayAccess@UnDecorator@@CA?AVDName@@XZ 000000018002c358 f   libvcruntime:undname.obj
 0001:0002b3f4       ?getArrayObject@UnDecorator@@CA?AVDName@@XZ 000000018002c3f4 f   libvcruntime:undname.obj
 0001:0002b4c8       ?getArrayType@UnDecorator@@CA?AVDName@@AEBV2@@Z 000000018002c4c8 f i libvcruntime:undname.obj
 0001:0002b710       ?getBasedType@UnDecorator@@CA?AVDName@@XZ 000000018002c710 f   libvcruntime:undname.obj
 0001:0002b808       ?getBasicDataType@UnDecorator@@CA?AVDName@@AEBV2@@Z 000000018002c808 f   libvcruntime:undname.obj
 0001:0002bdac       ?getCallingConvention@UnDecorator@@CA?AVDName@@XZ 000000018002cdac f   libvcruntime:undname.obj
 0001:0002beec       ?getDataIndirectType@UnDecorator@@CA?AVDName@@AEBV2@W4IndirectionKind@@0H@Z 000000018002ceec f   libvcruntime:undname.obj
 0001:0002c784       ?getDataType@UnDecorator@@CA?AVDName@@PEAV2@@Z 000000018002d784 f   libvcruntime:undname.obj
 0001:0002c898       ?getDecoratedName@UnDecorator@@CA?AVDName@@XZ 000000018002d898 f   libvcruntime:undname.obj
 0001:0002cb7c       ?getDimension@UnDecorator@@CA?AVDName@@_N@Z 000000018002db7c f   libvcruntime:undname.obj
 0001:0002ccc4       ?getDispatchTarget@UnDecorator@@CA?AVDName@@XZ 000000018002dcc4 f   libvcruntime:undname.obj
 0001:0002cd28       ?getECSUDataType@UnDecorator@@CA?AVDName@@XZ 000000018002dd28 f   libvcruntime:undname.obj
 0001:0002cf20       ?getEnumType@UnDecorator@@CA?AVDName@@XZ 000000018002df20 f i libvcruntime:undname.obj
 0001:0002d050       ?getExtendedDataIndirectType@UnDecorator@@CA?AVDName@@AEAW4IndirectionKind@@AEA_NH@Z 000000018002e050 f   libvcruntime:undname.obj
 0001:0002d258       ?getExternalDataType@UnDecorator@@CA?AVDName@@AEBV2@@Z 000000018002e258 f i libvcruntime:undname.obj
 0001:0002d318       ?getFloatingPoint@UnDecorator@@CA?AVDName@@H@Z 000000018002e318 f   libvcruntime:undname.obj
 0001:0002d440       ?getFunctionIndirectType@UnDecorator@@CA?AVDName@@AEBV2@@Z 000000018002e440 f   libvcruntime:undname.obj
 0001:0002d978       ?getLastChar@DNameStatusNode@@UEBADXZ 000000018002e978 f i libvcruntime:undname.obj
 0001:0002d984       ?getLastChar@charNode@@UEBADXZ 000000018002e984 f i libvcruntime:undname.obj
 0001:0002d988       ?getLastChar@pDNameNode@@UEBADXZ 000000018002e988 f i libvcruntime:undname.obj
 0001:0002d9b4       ?getLastChar@pairNode@@UEBADXZ 000000018002e9b4 f i libvcruntime:undname.obj
[...]
 0002:00011e82       $N00052                    0000000180059e82     PhysXCooking_64.exp
 0002:00011eaf       $N00053                    0000000180059eaf     PhysXCooking_64.exp
 0002:00011ed8       $N00054                    0000000180059ed8     PhysXCooking_64.exp
 0002:00011f07       $N00055                    0000000180059f07     PhysXCooking_64.exp
 0002:00011f30       $N00056                    0000000180059f30     PhysXCooking_64.exp
 0002:00011f59       $N00057                    0000000180059f59     PhysXCooking_64.exp
 0002:00011f87       $N00058                    0000000180059f87     PhysXCooking_64.exp
 0002:00011faf       $N00059                    0000000180059faf     PhysXCooking_64.exp
 0002:00011fea       $N00060                    0000000180059fea     PhysXCooking_64.exp
 0002:00012014       $N00061                    000000018005a014     PhysXCooking_64.exp
 0002:00012048       $N00062                    000000018005a048     PhysXCooking_64.exp
 0002:0001207e       $N00063                    000000018005a07e     PhysXCooking_64.exp
 0002:000120ba       $N00064                    000000018005a0ba     PhysXCooking_64.exp
 0002:00012102       $N00065                    000000018005a102     PhysXCooking_64.exp
 0002:00012152       $N00066                    000000018005a152     PhysXCooking_64.exp
 0002:00012186       $N00067                    000000018005a186     PhysXCooking_64.exp
 0002:000121bb       $N00068                    000000018005a1bb     PhysXCooking_64.exp
 0002:000121f1       $N00069                    000000018005a1f1     PhysXCooking_64.exp
 0002:00012218       $N00070                    000000018005a218     PhysXCooking_64.exp
 0002:00012260       $N00071                    000000018005a260     PhysXCooking_64.exp
 0002:000122a6       $N00072                    000000018005a2a6     PhysXCooking_64.exp
 0002:000122fe       $N00073                    000000018005a2fe     PhysXCooking_64.exp
 0002:00012345       $N00074                    000000018005a345     PhysXCooking_64.exp
 0002:00012370       $N00075                    000000018005a370     PhysXCooking_64.exp
 0002:000123a0       $N00076                    000000018005a3a0     PhysXCooking_64.exp
 0002:000123f0       $N00077                    000000018005a3f0     PhysXCooking_64.exp
 0002:0001249f       $N00078                    000000018005a49f     PhysXCooking_64.exp
 0002:000124fd       $N00079                    000000018005a4fd     PhysXCooking_64.exp
 0002:00012529       $N00080                    000000018005a529     PhysXCooking_64.exp
 0002:00012555       $N00081                    000000018005a555     PhysXCooking_64.exp
 0002:0001258a       $N00082                    000000018005a58a     PhysXCooking_64.exp
 0002:000125b3       $N00083                    000000018005a5b3     PhysXCooking_64.exp
 0002:000125ef       $N00084                    000000018005a5ef     PhysXCooking_64.exp
 0002:0001261b       $N00085                    000000018005a61b     PhysXCooking_64.exp
 0002:0001264e       $N00086                    000000018005a64e     PhysXCooking_64.exp
 0002:0001269b       $N00087                    000000018005a69b     PhysXCooking_64.exp
 0002:000126ce       $N00088                    000000018005a6ce     PhysXCooking_64.exp
 0002:00012708       $N00089                    000000018005a708     PhysXCooking_64.exp
 0002:00012742       $N00090                    000000018005a742     PhysXCooking_64.exp
 0002:0001277e       $N00091                    000000018005a77e     PhysXCooking_64.exp
 0002:000127c2       $N00092                    000000018005a7c2     PhysXCooking_64.exp
 0002:000127f1       $N00093                    000000018005a7f1     PhysXCooking_64.exp
 0002:0001286b       $N00094                    000000018005a86b     PhysXCooking_64.exp
 0002:000128c8       $N00095                    000000018005a8c8     PhysXCooking_64.exp
 0002:000128f4       $N00096                    000000018005a8f4     PhysXCooking_64.exp
 0002:00012928       $N00097                    000000018005a928     PhysXCooking_64.exp
 0002:00012961       $N00098                    000000018005a961     PhysXCooking_64.exp
 0002:0001299e       $N00099                    000000018005a99e     PhysXCooking_64.exp
 0002:000129d4       $N00100                    000000018005a9d4     PhysXCooking_64.exp
 0002:00012a01       $N00101                    000000018005aa01     PhysXCooking_64.exp
 0002:00012a2e       $N00102                    000000018005aa2e     PhysXCooking_64.exp
 0002:00012a59       $N00103                    000000018005aa59     PhysXCooking_64.exp
 0002:00012a85       $N00104                    000000018005aa85     PhysXCooking_64.exp
 0002:00012ab2       $N00105                    000000018005aab2     PhysXCooking_64.exp
 0002:00012ad2       $N00106                    000000018005aad2     PhysXCooking_64.exp
 0002:00012b0e       $N00107                    000000018005ab0e     PhysXCooking_64.exp
 0002:00012b3f       $N00108                    000000018005ab3f     PhysXCooking_64.exp
 0002:00012b71       $N00109                    000000018005ab71     PhysXCooking_64.exp
 0002:00012bb3       $N00110                    000000018005abb3     PhysXCooking_64.exp
 0002:00012be0       $N00111                    000000018005abe0     PhysXCooking_64.exp
 0002:00012c04       $N00112                    000000018005ac04     PhysXCooking_64.exp
 0002:00012c34       $N00113                    000000018005ac34     PhysXCooking_64.exp
 0002:00012c67       $N00114                    000000018005ac67     PhysXCooking_64.exp
 0002:00012c8c       $N00115                    000000018005ac8c     PhysXCooking_64.exp
 0002:00012cba       $N00116                    000000018005acba     PhysXCooking_64.exp
 0002:00012ce2       $N00117                    000000018005ace2     PhysXCooking_64.exp
 0002:00012d02       $N00118                    000000018005ad02     PhysXCooking_64.exp
 0002:00012d47       $N00119                    000000018005ad47     PhysXCooking_64.exp
 0002:00012d84       $N00120                    000000018005ad84     PhysXCooking_64.exp
 0002:00012dc1       $N00121                    000000018005adc1     PhysXCooking_64.exp
 0002:00012df4       $N00122                    000000018005adf4     PhysXCooking_64.exp
 0002:00012e04       $N00123                    000000018005ae04     PhysXCooking_64.exp
 0002:000130d8       .idata$6                   000000018005b0d8     kernel32:KERNEL32.dll
 0003:00000000       ?MAXDOT_MINANG@local@@3MB  000000018005c000     ConvexHullUtils.obj
 0003:00000004       ?MAXDOT_MINANG@local@@3MB  000000018005c004     QuickHullConvexHullLib.obj
 0003:00000060       ?prefix@?1??getDimension@UnDecorator@@CA?AVDName@@_N@Z@4UStringLiteral@@A 000000018005c060     libvcruntime:undname.obj
 0003:00000070       ?__vcrt_flsindex@@3KA      000000018005c070     libvcruntime:per_thread_data.obj
 0003:00000090       ?dazSupported@?1??_ctrlfp@@9@9 000000018005c090     libucrt:fpctrl.obj
 0003:000000a0       ?__acrt_flsindex@@3KA      000000018005c0a0     libucrt:per_thread_data.obj
 0003:000000a4       ?errno_no_memory@@3HA      000000018005c0a4     libucrt:errno.obj
 0003:000000a8       ?doserrno_no_memory@@3KA   000000018005c0a8     libucrt:errno.obj
 0003:000002e0       _mbctypes                  000000018005c2e0     libucrt:mbctype.obj
 0003:000003f0       _mbcasemaps                000000018005c3f0     libucrt:mbctype.obj
 0003:000004f0       ?__rgctypeflag@@3PADA      000000018005c4f0     libucrt:mbctype.obj
 0003:00000500       ?__rgcode_page_info@@3PAUcode_page_info@@A 000000018005c500     libucrt:mbctype.obj
 0003:00000a20       ?__dcrt_lowio_console_output_handle@@3PEAXEA 000000018005ca20     libucrt:initcon.obj
 0003:00000a28       ?dazSupported@?1??common_control87@@9@9 000000018005ca28     libucrt:ieee.obj
 0003:00001030       ?maxV3Error@_VecMathTests@aos@shdfnd@physx@@3T__m128@@B 000000018005d030     Cooking.obj
 0003:00001040       ?minFError@_VecMathTests@aos@shdfnd@physx@@3T__m128@@B 000000018005d040     Cooking.obj
 0003:00001050       ?maxV4Error@_VecMathTests@aos@shdfnd@physx@@3T__m128@@B 000000018005d050     Cooking.obj
 0003:00001060       ?minV4Error@_VecMathTests@aos@shdfnd@physx@@3T__m128@@B 000000018005d060     Cooking.obj
 0003:00001070       ?minV3Error@_VecMathTests@aos@shdfnd@physx@@3T__m128@@B 000000018005d070     Cooking.obj
 0003:00001080       ?maxFError@_VecMathTests@aos@shdfnd@physx@@3T__m128@@B 000000018005d080     Cooking.obj
 0003:00001090       ?maxV3Error@_VecMathTests@aos@shdfnd@physx@@3T__m128@@B 000000018005d090     BVHStructureBuilder.obj
 0003:000010a0       ?minFError@_VecMathTests@aos@shdfnd@physx@@3T__m128@@B 000000018005d0a0     BVHStructureBuilder.obj
 0003:000010b0       ?maxV4Error@_VecMathTests@aos@shdfnd@physx@@3T__m128@@B 000000018005d0b0     BVHStructureBuilder.obj
 0003:000010c0       ?minV4Error@_VecMathTests@aos@shdfnd@physx@@3T__m128@@B 000000018005d0c0     BVHStructureBuilder.obj
 0003:000010d0       ?minV3Error@_VecMathTests@aos@shdfnd@physx@@3T__m128@@B 000000018005d0d0     BVHStructureBuilder.obj
 0003:000010e0       ?maxFError@_VecMathTests@aos@shdfnd@physx@@3T__m128@@B 000000018005d0e0     BVHStructureBuilder.obj
 0003:000010f0       ?maxV3Error@_VecMathTests@aos@shdfnd@physx@@3T__m128@@B 000000018005d0f0     RTreeCooking.obj
 0003:00001100       ?minFError@_VecMathTests@aos@shdfnd@physx@@3T__m128@@B 000000018005d100     RTreeCooking.obj
 0003:00001110       ?maxV4Error@_VecMathTests@aos@shdfnd@physx@@3T__m128@@B 000000018005d110     RTreeCooking.obj
 0003:00001120       ?minV4Error@_VecMathTests@aos@shdfnd@physx@@3T__m128@@B 000000018005d120     RTreeCooking.obj
 0003:00001130       ?minV3Error@_VecMathTests@aos@shdfnd@physx@@3T__m128@@B 000000018005d130     RTreeCooking.obj
 0003:00001140       ?maxFError@_VecMathTests@aos@shdfnd@physx@@3T__m128@@B 000000018005d140     RTreeCooking.obj
 0003:00001150       ?maxV3Error@_VecMathTests@aos@shdfnd@physx@@3T__m128@@B 000000018005d150     MeshBuilder.obj
 0003:00001160       ?minFError@_VecMathTests@aos@shdfnd@physx@@3T__m128@@B 000000018005d160     MeshBuilder.obj
 0003:00001170       ?maxV4Error@_VecMathTests@aos@shdfnd@physx@@3T__m128@@B 000000018005d170     MeshBuilder.obj
 0003:00001180       ?minV4Error@_VecMathTests@aos@shdfnd@physx@@3T__m128@@B 000000018005d180     MeshBuilder.obj
 0003:00001190       ?minV3Error@_VecMathTests@aos@shdfnd@physx@@3T__m128@@B 000000018005d190     MeshBuilder.obj
 0003:000011a0       ?maxFError@_VecMathTests@aos@shdfnd@physx@@3T__m128@@B 000000018005d1a0     MeshBuilder.obj
 0003:000011b0       ?maxV3Error@_VecMathTests@aos@shdfnd@physx@@3T__m128@@B 000000018005d1b0     TriangleMeshBuilder.obj
 0003:000011c0       ?minFError@_VecMathTests@aos@shdfnd@physx@@3T__m128@@B 000000018005d1c0     TriangleMeshBuilder.obj
 0003:000011d0       ?maxV4Error@_VecMathTests@aos@shdfnd@physx@@3T__m128@@B 000000018005d1d0     TriangleMeshBuilder.obj
 0003:000011e0       ?minV4Error@_VecMathTests@aos@shdfnd@physx@@3T__m128@@B 000000018005d1e0     TriangleMeshBuilder.obj
 0003:000011f0       ?minV3Error@_VecMathTests@aos@shdfnd@physx@@3T__m128@@B 000000018005d1f0     TriangleMeshBuilder.obj
 0003:00001200       ?maxFError@_VecMathTests@aos@shdfnd@physx@@3T__m128@@B 000000018005d200     TriangleMeshBuilder.obj
 0003:00001210       ?maxV3Error@_VecMathTests@aos@shdfnd@physx@@3T__m128@@B 000000018005d210     BigConvexDataBuilder.obj
 0003:00001220       ?minFError@_VecMathTests@aos@shdfnd@physx@@3T__m128@@B 000000018005d220     BigConvexDataBuilder.obj
 0003:00001230       ?maxV4Error@_VecMathTests@aos@shdfnd@physx@@3T__m128@@B 000000018005d230     BigConvexDataBuilder.obj
 0003:00001240       ?minV4Error@_VecMathTests@aos@shdfnd@physx@@3T__m128@@B 000000018005d240     BigConvexDataBuilder.obj
 0003:00001250       ?minV3Error@_VecMathTests@aos@shdfnd@physx@@3T__m128@@B 000000018005d250     BigConvexDataBuilder.obj
 0003:00001260       ?maxFError@_VecMathTests@aos@shdfnd@physx@@3T__m128@@B 000000018005d260     BigConvexDataBuilder.obj
 0003:00001270       ?maxV3Error@_VecMathTests@aos@shdfnd@physx@@3T__m128@@B 000000018005d270     ConvexHullBuilder.obj
 0003:00001280       ?minFError@_VecMathTests@aos@shdfnd@physx@@3T__m128@@B 000000018005d280     ConvexHullBuilder.obj
 0003:00001290       ?maxV4Error@_VecMathTests@aos@shdfnd@physx@@3T__m128@@B 000000018005d290     ConvexHullBuilder.obj
 0003:000012a0       ?minV4Error@_VecMathTests@aos@shdfnd@physx@@3T__m128@@B 000000018005d2a0     ConvexHullBuilder.obj
 0003:000012b0       ?minV3Error@_VecMathTests@aos@shdfnd@physx@@3T__m128@@B 000000018005d2b0     ConvexHullBuilder.obj
 0003:000012c0       ?maxFError@_VecMathTests@aos@shdfnd@physx@@3T__m128@@B 000000018005d2c0     ConvexHullBuilder.obj
 0003:000012d0       ?maxV3Error@_VecMathTests@aos@shdfnd@physx@@3T__m128@@B 000000018005d2d0     ConvexHullUtils.obj
 0003:000012e0       ?minFError@_VecMathTests@aos@shdfnd@physx@@3T__m128@@B 000000018005d2e0     ConvexHullUtils.obj
 0003:000012f0       ?maxV4Error@_VecMathTests@aos@shdfnd@physx@@3T__m128@@B 000000018005d2f0     ConvexHullUtils.obj
 0003:00001300       ?minV4Error@_VecMathTests@aos@shdfnd@physx@@3T__m128@@B 000000018005d300     ConvexHullUtils.obj
 0003:00001310       ?minV3Error@_VecMathTests@aos@shdfnd@physx@@3T__m128@@B 000000018005d310     ConvexHullUtils.obj
 0003:00001320       ?maxFError@_VecMathTests@aos@shdfnd@physx@@3T__m128@@B 000000018005d320     ConvexHullUtils.obj
 0003:00001330       ?maxV3Error@_VecMathTests@aos@shdfnd@physx@@3T__m128@@B 000000018005d330     ConvexMeshBuilder.obj
 0003:00001340       ?minFError@_VecMathTests@aos@shdfnd@physx@@3T__m128@@B 000000018005d340     ConvexMeshBuilder.obj
 0003:00001350       ?maxV4Error@_VecMathTests@aos@shdfnd@physx@@3T__m128@@B 000000018005d350     ConvexMeshBuilder.obj
 0003:00001360       ?minV4Error@_VecMathTests@aos@shdfnd@physx@@3T__m128@@B 000000018005d360     ConvexMeshBuilder.obj
 0003:00001370       ?minV3Error@_VecMathTests@aos@shdfnd@physx@@3T__m128@@B 000000018005d370     ConvexMeshBuilder.obj
 0003:00001380       ?maxFError@_VecMathTests@aos@shdfnd@physx@@3T__m128@@B 000000018005d380     ConvexMeshBuilder.obj
 0003:00001390       ?maxV3Error@_VecMathTests@aos@shdfnd@physx@@3T__m128@@B 000000018005d390     VolumeIntegration.obj
 0003:000013a0       ?minFError@_VecMathTests@aos@shdfnd@physx@@3T__m128@@B 000000018005d3a0     VolumeIntegration.obj
 0003:000013b0       ?maxV4Error@_VecMathTests@aos@shdfnd@physx@@3T__m128@@B 000000018005d3b0     VolumeIntegration.obj
 0003:000013c0       ?minV4Error@_VecMathTests@aos@shdfnd@physx@@3T__m128@@B 000000018005d3c0     VolumeIntegration.obj
 0003:000013d0       ?minV3Error@_VecMathTests@aos@shdfnd@physx@@3T__m128@@B 000000018005d3d0     VolumeIntegration.obj
 0003:000013e0       ?maxFError@_VecMathTests@aos@shdfnd@physx@@3T__m128@@B 000000018005d3e0     VolumeIntegration.obj
 0003:000013f0       ?gCookingDelayLoadHook@@3PEBVPxDelayLoadHook@physx@@EB 000000018005d3f0     WindowsCookingDelayLoadHook.obj
 0003:00001450       ?__proc_attached@@3HA      000000018005d450     LIBCMT:dll_dllmain.obj
 0003:00001488       ?is_initialized_as_dll@@3_NA 000000018005d488     LIBCMT:utility.obj
 0003:00001489       ?module_local_atexit_table_initialized@@3_NA 000000018005d489     LIBCMT:utility.obj
 0003:00001490       ?module_local_atexit_table@@3U_onexit_table_t@@A 000000018005d490     LIBCMT:utility.obj
 0003:000014a8       ?module_local_at_quick_exit_table@@3U_onexit_table_t@@A 000000018005d4a8     LIBCMT:utility.obj
 0003:00001518       ?heap@@3V_HeapManager@@A   000000018005d518     libvcruntime:undname.obj
 0003:00001540       ?__vcrt_startup_thread_ptd@@3U__vcrt_ptd@@A 000000018005d540     libvcruntime:per_thread_data.obj
 0003:000015c0       __vcrt_lock_table          000000018005d5c0     libvcruntime:locks.obj
 0003:000015e8       __vcrt_locks_initialized   000000018005d5e8     libvcruntime:locks.obj
 0003:000015f0       ?module_handles@@3PAPEAUHINSTANCE__@@A 000000018005d5f0     libvcruntime:winapi_downlevel.obj
 0003:00001608       ?function_pointers@@3PAPEAXA 000000018005d608     libvcruntime:winapi_downlevel.obj
 0003:00001630       ?c_termination_complete@@3JA 000000018005d630     libucrt:exit.obj
 0003:00001638       ?thread_local_exit_callback_func@@3P6AXPEAXK0@ZEA 000000018005d638     libucrt:exit.obj
 0003:00001640       ?c_exit_complete@?1???R<lambda_6e4b09c48022b2350581041d5f6b0c4c>@@QEBA@XZ@4_NA 000000018005d640     libucrt:exit.obj
 0003:00001650       ?program_name@?1???$common_configure_argv@D@@YAHW4_crt_argv_mode@@@Z@4PADA 000000018005d650     libucrt:argv_parsing.obj
 0003:000017b0       ?__acrt_lock_table@@3PAU_RTL_CRITICAL_SECTION@@A 000000018005d7b0     libucrt:locks.obj
 0003:000019e0       ?__acrt_locks_initialized@@3IA 000000018005d9e0     libucrt:locks.obj
 0003:000019e8       ?__acrt_invalid_parameter_handler@@3V?$dual_state_global@P6AXPEB_W00I_K@Z@__crt_state_management@@A 000000018005d9e8     libucrt:invalid_parameter.obj
 0003:00001a08       ?fSystemSet@@3HA           000000018005da08     libucrt:mbctype.obj
 0003:00001a0c       ?initialized@?1??__acrt_initialize_multibyte@@9@4_NA 000000018005da0c     libucrt:mbctype.obj
 0003:00001a40       ?module_handles@@3PAPEAUHINSTANCE__@@A 000000018005da40     libucrt:winapi_thunks.obj
 0003:00001af0       ?encoded_function_pointers@@3PAPEAXA 000000018005daf0     libucrt:winapi_thunks.obj
 0003:00001ff8       ?__acrt_new_handler@@3V?$dual_state_global@P6AH_K@Z@__crt_state_management@@A 000000018005dff8     libucrt:new_handler.obj
 0003:00002000       ?ctrlc_action@@3V?$dual_state_global@P6AXH@Z@__crt_state_management@@A 000000018005e000     libucrt:signal.obj
 0003:00002008       ?ctrlbreak_action@@3V?$dual_state_global@P6AXH@Z@__crt_state_management@@A 000000018005e008     libucrt:signal.obj
 0003:00002010       ?abort_action@@3V?$dual_state_global@P6AXH@Z@__crt_state_management@@A 000000018005e010     libucrt:signal.obj
 0003:00002018       ?term_action@@3V?$dual_state_global@P6AXH@Z@__crt_state_management@@A 000000018005e018     libucrt:signal.obj
 0003:00002020       ?user_matherr@@3V?$dual_state_global@P6AHPEAU_exception@@@Z@__crt_state_management@@A 000000018005e020     libucrt:matherr.obj
 0003:00002050       ?internal_state@?1??_mbtowc_internal@@9@4U_Mbstatet@@A 000000018005e050     libucrt:mbtowc.obj
 0003:00002058       ?enable_percent_n@@3_KA    000000018005e058     libucrt:printf_count_output.obj
 0003:00002064       ?__acrt_global_new_mode@@3V?$dual_state_global@J@__crt_state_management@@A 000000018005e064     libucrt:new_mode.obj
 0003:00002070       ?__acrt_app_type@@3W4_crt_app_type@@A 000000018005e070     libucrt:report_runtime_error.obj
 0003:00002078       ?internal_pst@?1??__mbrtoc32_utf8@__crt_mbstring@@YA_KPEA_UPEBD_KPEAU_Mbstatet@@AEAV__crt_cached_ptd_host@@@Z@4U3@A 000000018005e078     libucrt:mbrtoc32.obj
 0003:00002080       GS_ExceptionRecord         000000018005e080     LIBCMT:gs_report.obj
 0003:00002120       GS_ContextRecord           000000018005e120     LIBCMT:gs_report.obj
 0005:00000000       _2il0floatpacket$19        0000000180063000     LIBCMT:svml_ssinf4_sse2.obj
 0005:00002200       _vmlsSinHATab              0000000180065200     LIBCMT:svml_s_sin_cout.obj
 0005:00002210       MsetTab                    0000000180065210     libvcruntime:memset.obj
 0005:00002260       MoveSmall                  0000000180065260     libvcruntime:memcpy.obj
 0005:000022a0       MoveSmallYmm               00000001800652a0     libvcruntime:memcpy.obj
 0005:000022c4       MoveSmallYmmNT             00000001800652c4     libvcruntime:memcpy.obj
 0005:000022e8       MoveSmallXmm               00000001800652e8     libvcruntime:memcpy.obj
 0006:000000a0       $R000000                   00000001800660a0     PhysXCooking.res
 0006:000003d0       $R000330                   00000001800663d0     PhysXCooking.res
